Archive member included to satisfy reference by file (symbol)

C:/Users/jerem/AppData/Roaming/Code/User/globalStorage/bmd.stm32-for-vscode/@xpack-dev-tools/arm-none-eabi-gcc/13.2.1-1.1.1/.content/bin/../lib/gcc/arm-none-eabi/13.2.1/../../../../arm-none-eabi/lib/thumb/v7e-m+fp/hard\libc_nano.a(libc_a-atexit.o)
                              C:/Users/jerem/AppData/Roaming/Code/User/globalStorage/bmd.stm32-for-vscode/@xpack-dev-tools/arm-none-eabi-gcc/13.2.1-1.1.1/.content/bin/../lib/gcc/arm-none-eabi/13.2.1/../../../../arm-none-eabi/lib/thumb/v7e-m+fp/hard/crt0.o (atexit)
C:/Users/jerem/AppData/Roaming/Code/User/globalStorage/bmd.stm32-for-vscode/@xpack-dev-tools/arm-none-eabi-gcc/13.2.1-1.1.1/.content/bin/../lib/gcc/arm-none-eabi/13.2.1/../../../../arm-none-eabi/lib/thumb/v7e-m+fp/hard\libc_nano.a(libc_a-exit.o)
                              C:/Users/jerem/AppData/Roaming/Code/User/globalStorage/bmd.stm32-for-vscode/@xpack-dev-tools/arm-none-eabi-gcc/13.2.1-1.1.1/.content/bin/../lib/gcc/arm-none-eabi/13.2.1/../../../../arm-none-eabi/lib/thumb/v7e-m+fp/hard/crt0.o (exit)
C:/Users/jerem/AppData/Roaming/Code/User/globalStorage/bmd.stm32-for-vscode/@xpack-dev-tools/arm-none-eabi-gcc/13.2.1-1.1.1/.content/bin/../lib/gcc/arm-none-eabi/13.2.1/../../../../arm-none-eabi/lib/thumb/v7e-m+fp/hard\libc_nano.a(libc_a-findfp.o)
                              C:/Users/jerem/AppData/Roaming/Code/User/globalStorage/bmd.stm32-for-vscode/@xpack-dev-tools/arm-none-eabi-gcc/13.2.1-1.1.1/.content/bin/../lib/gcc/arm-none-eabi/13.2.1/../../../../arm-none-eabi/lib/thumb/v7e-m+fp/hard\libc_nano.a(libc_a-exit.o) (__stdio_exit_handler)
C:/Users/jerem/AppData/Roaming/Code/User/globalStorage/bmd.stm32-for-vscode/@xpack-dev-tools/arm-none-eabi-gcc/13.2.1-1.1.1/.content/bin/../lib/gcc/arm-none-eabi/13.2.1/../../../../arm-none-eabi/lib/thumb/v7e-m+fp/hard\libc_nano.a(libc_a-fwalk.o)
                              C:/Users/jerem/AppData/Roaming/Code/User/globalStorage/bmd.stm32-for-vscode/@xpack-dev-tools/arm-none-eabi-gcc/13.2.1-1.1.1/.content/bin/../lib/gcc/arm-none-eabi/13.2.1/../../../../arm-none-eabi/lib/thumb/v7e-m+fp/hard\libc_nano.a(libc_a-findfp.o) (_fwalk_sglue)
C:/Users/jerem/AppData/Roaming/Code/User/globalStorage/bmd.stm32-for-vscode/@xpack-dev-tools/arm-none-eabi-gcc/13.2.1-1.1.1/.content/bin/../lib/gcc/arm-none-eabi/13.2.1/../../../../arm-none-eabi/lib/thumb/v7e-m+fp/hard\libc_nano.a(libc_a-snprintf.o)
                              build/bolt_application.o (snprintf)
C:/Users/jerem/AppData/Roaming/Code/User/globalStorage/bmd.stm32-for-vscode/@xpack-dev-tools/arm-none-eabi-gcc/13.2.1-1.1.1/.content/bin/../lib/gcc/arm-none-eabi/13.2.1/../../../../arm-none-eabi/lib/thumb/v7e-m+fp/hard\libc_nano.a(libc_a-stdio.o)
                              C:/Users/jerem/AppData/Roaming/Code/User/globalStorage/bmd.stm32-for-vscode/@xpack-dev-tools/arm-none-eabi-gcc/13.2.1-1.1.1/.content/bin/../lib/gcc/arm-none-eabi/13.2.1/../../../../arm-none-eabi/lib/thumb/v7e-m+fp/hard\libc_nano.a(libc_a-findfp.o) (__sread)
C:/Users/jerem/AppData/Roaming/Code/User/globalStorage/bmd.stm32-for-vscode/@xpack-dev-tools/arm-none-eabi-gcc/13.2.1-1.1.1/.content/bin/../lib/gcc/arm-none-eabi/13.2.1/../../../../arm-none-eabi/lib/thumb/v7e-m+fp/hard\libc_nano.a(libc_a-memset.o)
                              C:/Users/jerem/AppData/Roaming/Code/User/globalStorage/bmd.stm32-for-vscode/@xpack-dev-tools/arm-none-eabi-gcc/13.2.1-1.1.1/.content/bin/../lib/gcc/arm-none-eabi/13.2.1/../../../../arm-none-eabi/lib/thumb/v7e-m+fp/hard/crt0.o (memset)
C:/Users/jerem/AppData/Roaming/Code/User/globalStorage/bmd.stm32-for-vscode/@xpack-dev-tools/arm-none-eabi-gcc/13.2.1-1.1.1/.content/bin/../lib/gcc/arm-none-eabi/13.2.1/../../../../arm-none-eabi/lib/thumb/v7e-m+fp/hard\libc_nano.a(libc_a-closer.o)
                              C:/Users/jerem/AppData/Roaming/Code/User/globalStorage/bmd.stm32-for-vscode/@xpack-dev-tools/arm-none-eabi-gcc/13.2.1-1.1.1/.content/bin/../lib/gcc/arm-none-eabi/13.2.1/../../../../arm-none-eabi/lib/thumb/v7e-m+fp/hard\libc_nano.a(libc_a-stdio.o) (_close_r)
C:/Users/jerem/AppData/Roaming/Code/User/globalStorage/bmd.stm32-for-vscode/@xpack-dev-tools/arm-none-eabi-gcc/13.2.1-1.1.1/.content/bin/../lib/gcc/arm-none-eabi/13.2.1/../../../../arm-none-eabi/lib/thumb/v7e-m+fp/hard\libc_nano.a(libc_a-reent.o)
                              C:/Users/jerem/AppData/Roaming/Code/User/globalStorage/bmd.stm32-for-vscode/@xpack-dev-tools/arm-none-eabi-gcc/13.2.1-1.1.1/.content/bin/../lib/gcc/arm-none-eabi/13.2.1/../../../../arm-none-eabi/lib/thumb/v7e-m+fp/hard\libc_nano.a(libc_a-closer.o) (errno)
C:/Users/jerem/AppData/Roaming/Code/User/globalStorage/bmd.stm32-for-vscode/@xpack-dev-tools/arm-none-eabi-gcc/13.2.1-1.1.1/.content/bin/../lib/gcc/arm-none-eabi/13.2.1/../../../../arm-none-eabi/lib/thumb/v7e-m+fp/hard\libc_nano.a(libc_a-impure.o)
[...]
Memory Configuration

Name             Origin             Length             Attributes
RAM              0x20000000         0x00020000         xrw
FLASH            0x08000000         0x00080000         xr
*default*        0x00000000         0xffffffff

Linker script and memory map

LOAD C:/Users/jerem/AppData/Roaming/Code/User/globalStorage/bmd.stm32-for-vscode/@xpack-dev-tools/arm-none-eabi-gcc/13.2.1-1.1.1/.content/bin/../lib/gcc/arm-none-eabi/13.2.1/thumb/v7e-m+fp/hard/crti.o
LOAD C:/Users/jerem/AppData/Roaming/Code/User/globalStorage/bmd.stm32-for-vscode/@xpack-dev-tools/arm-none-eabi-gcc/13.2.1-1.1.1/.content/bin/../lib/gcc/arm-none-eabi/13.2.1/thumb/v7e-m+fp/hard/crtbegin.o
LOAD C:/Users/jerem/AppData/Roaming/Code/User/globalStorage/bmd.stm32-for-vscode/@xpack-dev-tools/arm-none-eabi-gcc/13.2.1-1.1.1/.content/bin/../lib/gcc/arm-none-eabi/13.2.1/../../../../arm-none-eabi/lib/thumb/v7e-m+fp/hard/crt0.o
LOAD build/stm32g4xx_hal.o
LOAD build/stm32g4xx_hal_adc.o
LOAD build/stm32g4xx_hal_adc_ex.o
LOAD build/stm32g4xx_hal_cortex.o
LOAD build/stm32g4xx_hal_dma.o
LOAD build/stm32g4xx_hal_dma_ex.o
LOAD build/stm32g4xx_hal_exti.o
LOAD build/stm32g4xx_hal_fdcan.o
LOAD build/stm32g4xx_hal_flash.o
LOAD build/stm32g4xx_hal_flash_ex.o
LOAD build/stm32g4xx_hal_flash_ramfunc.o
LOAD build/stm32g4xx_hal_gpio.o
LOAD build/stm32g4xx_hal_pwr.o
LOAD build/stm32g4xx_hal_pwr_ex.o
LOAD build/stm32g4xx_hal_rcc.o
LOAD build/stm32g4xx_hal_rcc_ex.o
LOAD build/stm32g4xx_hal_tim.o
LOAD build/stm32g4xx_hal_tim_ex.o
LOAD build/stm32g4xx_hal_uart.o
LOAD build/stm32g4xx_hal_uart_ex.o
LOAD build/stm32g4xx_ll_adc.o
LOAD build/adc.o
LOAD build/bolt_application.o
LOAD build/bolt_sw_timer.o
LOAD build/fdcan.o
LOAD build/gpio.o
LOAD build/main.o
LOAD build/stm32g4xx_hal_msp.o
LOAD build/stm32g4xx_it.o
LOAD build/syscalls.o
LOAD build/sysmem.o
LOAD build/system_stm32g4xx.o
LOAD build/tim.o
LOAD build/usart.o
LOAD build/startup_stm32g474xx.o
LOAD C:/Users/jerem/AppData/Roaming/Code/User/globalStorage/bmd.stm32-for-vscode/@xpack-dev-tools/arm-none-eabi-gcc/13.2.1-1.1.1/.content/bin/../lib/gcc/arm-none-eabi/13.2.1/../../../../arm-none-eabi/lib/thumb/v7e-m+fp/hard\libc_nano.a
LOAD C:/Users/jerem/AppData/Roaming/Code/User/globalStorage/bmd.stm32-for-vscode/@xpack-dev-tools/arm-none-eabi-gcc/13.2.1-1.1.1/.content/bin/../lib/gcc/arm-none-eabi/13.2.1/../../../../arm-none-eabi/lib/thumb/v7e-m+fp/hard\libm.a
LOAD C:/Users/jerem/AppData/Roaming/Code/User/globalStorage/bmd.stm32-for-vscode/@xpack-dev-tools/arm-none-eabi-gcc/13.2.1-1.1.1/.content/bin/../lib/gcc/arm-none-eabi/13.2.1/../../../../arm-none-eabi/lib/thumb/v7e-m+fp/hard\libnosys.a
START GROUP
LOAD C:/Users/jerem/AppData/Roaming/Code/User/globalStorage/bmd.stm32-for-vscode/@xpack-dev-tools/arm-none-eabi-gcc/13.2.1-1.1.1/.content/bin/../lib/gcc/arm-none-eabi/13.2.1/thumb/v7e-m+fp/hard\libgcc.a
LOAD C:/Users/jerem/AppData/Roaming/Code/User/globalStorage/bmd.stm32-for-vscode/@xpack-dev-tools/arm-none-eabi-gcc/13.2.1-1.1.1/.content/bin/../lib/gcc/arm-none-eabi/13.2.1/../../../../arm-none-eabi/lib/thumb/v7e-m+fp/hard\libc_nano.a
END GROUP
START GROUP
LOAD C:/Users/jerem/AppData/Roaming/Code/User/globalStorage/bmd.stm32-for-vscode/@xpack-dev-tools/arm-none-eabi-gcc/13.2.1-1.1.1/.content/bin/../lib/gcc/arm-none-eabi/13.2.1/thumb/v7e-m+fp/hard\libgcc.a
LOAD C:/Users/jerem/AppData/Roaming/Code/User/globalStorage/bmd.stm32-for-vscode/@xpack-dev-tools/arm-none-eabi-gcc/13.2.1-1.1.1/.content/bin/../lib/gcc/arm-none-eabi/13.2.1/../../../../arm-none-eabi/lib/thumb/v7e-m+fp/hard\libc_nano.a
END GROUP
LOAD C:/Users/jerem/AppData/Roaming/Code/User/globalStorage/bmd.stm32-for-vscode/@xpack-dev-tools/arm-none-eabi-gcc/13.2.1-1.1.1/.content/bin/../lib/gcc/arm-none-eabi/13.2.1/thumb/v7e-m+fp/hard/crtend.o
LOAD C:/Users/jerem/AppData/Roaming/Code/User/globalStorage/bmd.stm32-for-vscode/@xpack-dev-tools/arm-none-eabi-gcc/13.2.1-1.1.1/.content/bin/../lib/gcc/arm-none-eabi/13.2.1/thumb/v7e-m+fp/hard/crtn.o
                0x20020000                        _estack = (ORIGIN (RAM) + LENGTH (RAM))
                0x00000200                        _Min_Heap_Size = 0x200
                0x00000400                        _Min_Stack_Size = 0x400

.isr_vector     0x08000000      0x1d8
                0x08000000                        . = ALIGN (0x4)
 *(.isr_vector)
 .isr_vector    0x08000000      0x1d8 build/startup_stm32g474xx.o
                0x08000000                g_pfnVectors
                0x080001d8                        . = ALIGN (0x4)

.text           0x080001e0     0x4610
                0x080001e0                        . = ALIGN (0x4)
 *(.text)
 .text          0x080001e0       0xa0 C:/Users/jerem/AppData/Roaming/Code/User/globalStorage/bmd.stm32-for-vscode/@xpack-dev-tools/arm-none-eabi-gcc/13.2.1-1.1.1/.content/bin/../lib/gcc/arm-none-eabi/13.2.1/../../../../arm-none-eabi/lib/thumb/v7e-m+fp/hard\libc_nano.a(libc_a-memchr.o)
                0x080001e0                memchr
 .text          0x08000280       0x30 C:/Users/jerem/AppData/Roaming/Code/User/globalStorage/bmd.stm32-for-vscode/@xpack-dev-tools/arm-none-eabi-gcc/13.2.1-1.1.1/.content/bin/../lib/gcc/arm-none-eabi/13.2.1/thumb/v7e-m+fp/hard\libgcc.a(_aeabi_uldivmod.o)
                0x08000280                __aeabi_uldivmod
 .text          0x080002b0        0x4 C:/Users/jerem/AppData/Roaming/Code/User/globalStorage/bmd.stm32-for-vscode/@xpack-dev-tools/arm-none-eabi-gcc/13.2.1-1.1.1/.content/bin/../lib/gcc/arm-none-eabi/13.2.1/thumb/v7e-m+fp/hard\libgcc.a(_dvmd_tls.o)
                0x080002b0                __aeabi_idiv0
                0x080002b0                __aeabi_ldiv0
 *(.text*)
 .text.__do_global_dtors_aux
                0x080002b4       0x24 C:/Users/jerem/AppData/Roaming/Code/User/globalStorage/bmd.stm32-for-vscode/@xpack-dev-tools/arm-none-eabi-gcc/13.2.1-1.1.1/.content/bin/../lib/gcc/arm-none-eabi/13.2.1/thumb/v7e-m+fp/hard/crtbegin.o
 .text.frame_dummy
                0x080002d8       0x1c C:/Users/jerem/AppData/Roaming/Code/User/globalStorage/bmd.stm32-for-vscode/@xpack-dev-tools/arm-none-eabi-gcc/13.2.1-1.1.1/.content/bin/../lib/gcc/arm-none-eabi/13.2.1/thumb/v7e-m+fp/hard/crtbegin.o
 .text.HAL_InitTick
                0x080002f4       0x50 build/stm32g4xx_hal.o
                0x080002f4                HAL_InitTick
 .text.HAL_Init
                0x08000344       0x1e build/stm32g4xx_hal.o
                0x08000344                HAL_Init
 *fill*         0x08000362        0x2 
 .text.HAL_IncTick
                0x08000364       0x18 build/stm32g4xx_hal.o
                0x08000364                HAL_IncTick
 .text.HAL_GetTick
                0x0800037c        0xc build/stm32g4xx_hal.o
                0x0800037c                HAL_GetTick
 .text.LL_ADC_REG_SetSequencerRanks
                0x08000388       0x30 build/stm32g4xx_hal_adc.o
 .text.LL_ADC_SetChannelSamplingTime
                0x080003b8       0x2c build/stm32g4xx_hal_adc.o
 .text.HAL_ADC_Init
                0x080003e4      0x28c build/stm32g4xx_hal_adc.o
                0x080003e4                HAL_ADC_Init
 .text.HAL_ADC_ConfigChannel
                0x08000670      0x4b4 build/stm32g4xx_hal_adc.o
                0x08000670                HAL_ADC_ConfigChannel
 .text.HAL_ADCEx_MultiModeConfigChannel
                0x08000b24      0x1d4 build/stm32g4xx_hal_adc_ex.o
                0x08000b24                HAL_ADCEx_MultiModeConfigChannel
 .text.__NVIC_EnableIRQ
                0x08000cf8       0x1c build/stm32g4xx_hal_cortex.o
 .text.__NVIC_SetPriority
                0x08000d14       0x28 build/stm32g4xx_hal_cortex.o
 .text.NVIC_EncodePriority
                0x08000d3c       0x3e build/stm32g4xx_hal_cortex.o
 *fill*         0x08000d7a        0x2 
 .text.HAL_NVIC_SetPriorityGrouping
                0x08000d7c       0x24 build/stm32g4xx_hal_cortex.o
                0x08000d7c                HAL_NVIC_SetPriorityGrouping
 .text.HAL_NVIC_SetPriority
                0x08000da0       0x20 build/stm32g4xx_hal_cortex.o
                0x08000da0                HAL_NVIC_SetPriority
 .text.HAL_NVIC_EnableIRQ
                0x08000dc0        0x8 build/stm32g4xx_hal_cortex.o
                0x08000dc0                HAL_NVIC_EnableIRQ
 .text.HAL_SYSTICK_Config
                0x08000dc8       0x28 build/stm32g4xx_hal_cortex.o
                0x08000dc8                HAL_SYSTICK_Config
 .text.FDCAN_CalcultateRamBlockAddresses
                0x08000df0       0x8c build/stm32g4xx_hal_fdcan.o
 .text.FDCAN_CopyMessageToRAM
                0x08000e7c       0x88 build/stm32g4xx_hal_fdcan.o
 .text.HAL_FDCAN_Init
                0x08000f04      0x1d4 build/stm32g4xx_hal_fdcan.o
                0x08000f04                HAL_FDCAN_Init
 .text.HAL_FDCAN_AddMessageToTxFifoQ
                0x080010d8       0x52 build/stm32g4xx_hal_fdcan.o
                0x080010d8                HAL_FDCAN_AddMessageToTxFifoQ
 *fill*         0x0800112a        0x2 
 .text.HAL_GPIO_Init
                0x0800112c      0x1d4 build/stm32g4xx_hal_gpio.o
                0x0800112c                HAL_GPIO_Init
 .text.HAL_GPIO_WritePin
                0x08001300        0xa build/stm32g4xx_hal_gpio.o
                0x08001300                HAL_GPIO_WritePin
 .text.HAL_GPIO_TogglePin
                0x0800130a       0x12 build/stm32g4xx_hal_gpio.o
                0x0800130a                HAL_GPIO_TogglePin
 .text.HAL_GPIO_EXTI_Callback
                0x0800131c        0x2 build/stm32g4xx_hal_gpio.o
                0x0800131c                HAL_GPIO_EXTI_Callback
 *fill*         0x0800131e        0x2 
 .text.HAL_GPIO_EXTI_IRQHandler
                0x08001320       0x1c build/stm32g4xx_hal_gpio.o
                0x08001320                HAL_GPIO_EXTI_IRQHandler
 .text.HAL_PWREx_ControlVoltageScaling
                0x0800133c      0x10c build/stm32g4xx_hal_pwr_ex.o
                0x0800133c                HAL_PWREx_ControlVoltageScaling
 .text.HAL_PWREx_DisableUCPDDeadBattery
                0x08001448       0x10 build/stm32g4xx_hal_pwr_ex.o
                0x08001448                HAL_PWREx_DisableUCPDDeadBattery
 .text.RCC_GetSysClockFreqFromPLLSource
                0x08001458       0x58 build/stm32g4xx_hal_rcc.o
 .text.HAL_RCC_OscConfig
                0x080014b0      0x4e4 build/stm32g4xx_hal_rcc.o
                0x080014b0                HAL_RCC_OscConfig
 .text.HAL_RCC_GetSysClockFreq
                0x08001994       0x88 build/stm32g4xx_hal_rcc.o
                0x08001994                HAL_RCC_GetSysClockFreq
 .text.HAL_RCC_ClockConfig
                0x08001a1c      0x1f8 build/stm32g4xx_hal_rcc.o
                0x08001a1c                HAL_RCC_ClockConfig
 .text.HAL_RCC_GetHCLKFreq
                0x08001c14        0xc build/stm32g4xx_hal_rcc.o
                0x08001c14                HAL_RCC_GetHCLKFreq
 .text.HAL_RCC_GetPCLK1Freq
                0x08001c20       0x24 build/stm32g4xx_hal_rcc.o
                0x08001c20                HAL_RCC_GetPCLK1Freq
 .text.HAL_RCC_GetPCLK2Freq
                0x08001c44       0x24 build/stm32g4xx_hal_rcc.o
                0x08001c44                HAL_RCC_GetPCLK2Freq
 .text.HAL_RCCEx_PeriphCLKConfig
                0x08001c68      0x378 build/stm32g4xx_hal_rcc_ex.o
                0x08001c68                HAL_RCCEx_PeriphCLKConfig
 .text.TIM_OC1_SetConfig
                0x08001fe0       0xac build/stm32g4xx_hal_tim.o
 .text.TIM_OC3_SetConfig
                0x0800208c       0x9c build/stm32g4xx_hal_tim.o
 .text.TIM_OC4_SetConfig
                0x08002128       0x9c build/stm32g4xx_hal_tim.o
 .text.TIM_OC5_SetConfig
                0x080021c4       0x70 build/stm32g4xx_hal_tim.o
 .text.TIM_OC6_SetConfig
                0x08002234       0x74 build/stm32g4xx_hal_tim.o
 .text.TIM_TI1_ConfigInputStage
                0x080022a8       0x26 build/stm32g4xx_hal_tim.o
 .text.TIM_TI2_ConfigInputStage
                0x080022ce       0x28 build/stm32g4xx_hal_tim.o
 .text.TIM_ITRx_SetConfig
                0x080022f6       0x14 build/stm32g4xx_hal_tim.o
 .text.HAL_TIM_OC_MspInit
                0x0800230a        0x2 build/stm32g4xx_hal_tim.o
                0x0800230a                HAL_TIM_OC_MspInit
 .text.TIM_Base_SetConfig
                0x0800230c       0xf0 build/stm32g4xx_hal_tim.o
                0x0800230c                TIM_Base_SetConfig
 .text.HAL_TIM_Base_Init
                0x080023fc       0x60 build/stm32g4xx_hal_tim.o
                0x080023fc                HAL_TIM_Base_Init
 .text.HAL_TIM_OC_Init
                0x0800245c       0x60 build/stm32g4xx_hal_tim.o
                0x0800245c                HAL_TIM_OC_Init
 .text.TIM_OC2_SetConfig
                0x080024bc       0x9c build/stm32g4xx_hal_tim.o
                0x080024bc                TIM_OC2_SetConfig
 .text.HAL_TIM_OC_ConfigChannel
                0x08002558       0x7a build/stm32g4xx_hal_tim.o
                0x08002558                HAL_TIM_OC_ConfigChannel
 .text.TIM_ETR_SetConfig
                0x080025d2       0x1a build/stm32g4xx_hal_tim.o
                0x080025d2                TIM_ETR_SetConfig
 .text.HAL_TIM_ConfigClockSource
                0x080025ec      0x154 build/stm32g4xx_hal_tim.o
                0x080025ec                HAL_TIM_ConfigClockSource
 .text.HAL_TIMEx_MasterConfigSynchronization
                0x08002740       0xac build/stm32g4xx_hal_tim_ex.o
                0x08002740                HAL_TIMEx_MasterConfigSynchronization
 .text.HAL_TIMEx_ConfigBreakDeadTime
                0x080027ec       0xa8 build/stm32g4xx_hal_tim_ex.o
                0x080027ec                HAL_TIMEx_ConfigBreakDeadTime
 .text.UART_EndRxTransfer
                0x08002894       0x56 build/stm32g4xx_hal_uart.o
 *fill*         0x080028ea        0x2 
 .text.UART_SetConfig
                0x080028ec      0x388 build/stm32g4xx_hal_uart.o
                0x080028ec                UART_SetConfig
 .text.UART_AdvFeatureConfig
                0x08002c74       0xca build/stm32g4xx_hal_uart.o
                0x08002c74                UART_AdvFeatureConfig
 .text.UART_WaitOnFlagUntilTimeout
                0x08002d3e       0x9e build/stm32g4xx_hal_uart.o
                0x08002d3e                UART_WaitOnFlagUntilTimeout
 .text.HAL_UART_Transmit
                0x08002ddc       0xd2 build/stm32g4xx_hal_uart.o
                0x08002ddc                HAL_UART_Transmit
 .text.UART_CheckIdleState
                0x08002eae       0xca build/stm32g4xx_hal_uart.o
                0x08002eae                UART_CheckIdleState
 .text.HAL_UART_Init
                0x08002f78       0x66 build/stm32g4xx_hal_uart.o
                0x08002f78                HAL_UART_Init
 *fill*         0x08002fde        0x2 
 .text.UARTEx_SetNbDataToProcess
                0x08002fe0       0x4c build/stm32g4xx_hal_uart_ex.o
 .text.HAL_UARTEx_DisableFifoMode
                0x0800302c       0x3e build/stm32g4xx_hal_uart_ex.o
                0x0800302c                HAL_UARTEx_DisableFifoMode
 .text.HAL_UARTEx_SetTxFifoThreshold
                0x0800306a       0x4a build/stm32g4xx_hal_uart_ex.o
                0x0800306a                HAL_UARTEx_SetTxFifoThreshold
 .text.HAL_UARTEx_SetRxFifoThreshold
                0x080030b4       0x4a build/stm32g4xx_hal_uart_ex.o
                0x080030b4                HAL_UARTEx_SetRxFifoThreshold
 *fill*         0x080030fe        0x2 
 .text.MX_ADC1_Init
                0x08003100       0xa0 build/adc.o
                0x08003100                MX_ADC1_Init
 .text.HAL_ADC_MspInit
                0x080031a0       0xd0 build/adc.o
                0x080031a0                HAL_ADC_MspInit
 .text.nonBlockingLED
                0x08003270       0x2c build/bolt_application.o
                0x08003270                nonBlockingLED
 .text.printVal
                0x0800329c       0x2c build/bolt_application.o
                0x0800329c                printVal
 .text.applicationLoop
                0x080032c8       0x28 build/bolt_application.o
                0x080032c8                applicationLoop
 .text.FDCAN_Config
                0x080032f0       0x24 build/bolt_application.o
                0x080032f0                FDCAN_Config
 .text.applicationSetup
                0x08003314       0x40 build/bolt_application.o
                0x08003314                applicationSetup
 .text.SWTimer_construct
                0x08003354        0x8 build/bolt_sw_timer.o
                0x08003354                SWTimer_construct
 .text.SWTimer_start
                0x0800335c        0xc build/bolt_sw_timer.o
                0x0800335c                SWTimer_start
 .text.SWTimer_elapsedTimeMS
                0x08003368        0xe build/bolt_sw_timer.o
                0x08003368                SWTimer_elapsedTimeMS
 .text.SWTimer_expired
                0x08003376       0x14 build/bolt_sw_timer.o
                0x08003376                SWTimer_expired
 *fill*         0x0800338a        0x2 
 .text.MX_FDCAN1_Init
                0x0800338c       0x4c build/fdcan.o
                0x0800338c                MX_FDCAN1_Init
 .text.MX_FDCAN2_Init
                0x080033d8       0x4c build/fdcan.o
                0x080033d8                MX_FDCAN2_Init
 .text.HAL_FDCAN_MspInit
                0x08003424      0x120 build/fdcan.o
                0x08003424                HAL_FDCAN_MspInit
 .text.MX_GPIO_Init
                0x08003544      0x148 build/gpio.o
                0x08003544                MX_GPIO_Init
 .text.Error_Handler
                0x0800368c        0x4 build/main.o
                0x0800368c                Error_Handler
 .text.SystemClock_Config
                0x08003690       0x70 build/main.o
                0x08003690                SystemClock_Config
 .text.main     0x08003700       0x48 build/main.o
                0x08003700                main
 .text.HAL_MspInit
                0x08003748       0x38 build/stm32g4xx_hal_msp.o
                0x08003748                HAL_MspInit
 .text.NMI_Handler
                0x08003780        0x2 build/stm32g4xx_it.o
                0x08003780                NMI_Handler
 .text.HardFault_Handler
                0x08003782        0x2 build/stm32g4xx_it.o
                0x08003782                HardFault_Handler
 .text.MemManage_Handler
                0x08003784        0x2 build/stm32g4xx_it.o
                0x08003784                MemManage_Handler
 .text.BusFault_Handler
                0x08003786        0x2 build/stm32g4xx_it.o
                0x08003786                BusFault_Handler
 .text.UsageFault_Handler
                0x08003788        0x2 build/stm32g4xx_it.o
                0x08003788                UsageFault_Handler
 .text.SVC_Handler
                0x0800378a        0x2 build/stm32g4xx_it.o
                0x0800378a                SVC_Handler
 .text.DebugMon_Handler
                0x0800378c        0x2 build/stm32g4xx_it.o
                0x0800378c                DebugMon_Handler
 .text.PendSV_Handler
                0x0800378e        0x2 build/stm32g4xx_it.o
                0x0800378e                PendSV_Handler
 .text.SysTick_Handler
                0x08003790        0x8 build/stm32g4xx_it.o
                0x08003790                SysTick_Handler
 .text.EXTI15_10_IRQHandler
                0x08003798        0xc build/stm32g4xx_it.o
                0x08003798                EXTI15_10_IRQHandler
 .text._sbrk    0x080037a4       0x48 build/sysmem.o
                0x080037a4                _sbrk
 .text.SystemInit
                0x080037ec       0x14 build/system_stm32g4xx.o
                0x080037ec                SystemInit
 .text.HAL_TIM_Base_MspInit
                0x08003800       0x4c build/tim.o
                0x08003800                HAL_TIM_Base_MspInit
 .text.HAL_TIM_MspPostInit
                0x0800384c       0x88 build/tim.o
                0x0800384c                HAL_TIM_MspPostInit
 .text.MX_TIM1_Init
                0x080038d4       0xf8 build/tim.o
                0x080038d4                MX_TIM1_Init
 .text.MX_TIM3_Init
                0x080039cc       0xac build/tim.o
                0x080039cc                MX_TIM3_Init
 .text.MX_LPUART1_UART_Init
                0x08003a78       0x68 build/usart.o
                0x08003a78                MX_LPUART1_UART_Init
 .text.HAL_UART_MspInit
                0x08003ae0       0x84 build/usart.o
                0x08003ae0                HAL_UART_MspInit
 .text.Reset_Handler
                0x08003b64       0x50 build/startup_stm32g474xx.o
                0x08003b64                Reset_Handler
 .text.Default_Handler
                0x08003bb4        0x2 build/startup_stm32g474xx.o
                0x08003bb4                RTC_Alarm_IRQHandler
                0x08003bb4                EXTI2_IRQHandler
                0x08003bb4                TIM8_TRG_COM_IRQHandler
                0x08003bb4                TIM8_CC_IRQHandler
                0x08003bb4                HRTIM1_Master_IRQHandler
                0x08003bb4                SPI4_IRQHandler
                0x08003bb4                FDCAN3_IT0_IRQHandler
                0x08003bb4                TIM1_CC_IRQHandler
                0x08003bb4                HRTIM1_FLT_IRQHandler
                0x08003bb4                HRTIM1_TIMF_IRQHandler
                0x08003bb4                USB_HP_IRQHandler
                0x08003bb4                CORDIC_IRQHandler
                0x08003bb4                HRTIM1_TIMD_IRQHandler
                0x08003bb4                DMA2_Channel8_IRQHandler
                0x08003bb4                EXTI3_IRQHandler
                0x08003bb4                I2C3_ER_IRQHandler
                0x08003bb4                EXTI0_IRQHandler
                0x08003bb4                I2C2_EV_IRQHandler
                0x08003bb4                FPU_IRQHandler
                0x08003bb4                FDCAN1_IT1_IRQHandler
                0x08003bb4                TIM1_UP_TIM16_IRQHandler
                0x08003bb4                ADC1_2_IRQHandler
                0x08003bb4                HRTIM1_TIME_IRQHandler
                0x08003bb4                SPI1_IRQHandler
                0x08003bb4                TIM6_DAC_IRQHandler
                0x08003bb4                HRTIM1_TIMC_IRQHandler
                0x08003bb4                TIM8_UP_IRQHandler
                0x08003bb4                DMA2_Channel2_IRQHandler
                0x08003bb4                DMA1_Channel4_IRQHandler
                0x08003bb4                TIM20_TRG_COM_IRQHandler
                0x08003bb4                USART3_IRQHandler
                0x08003bb4                DMA1_Channel7_IRQHandler
                0x08003bb4                UART5_IRQHandler
                0x08003bb4                ADC3_IRQHandler
                0x08003bb4                TIM4_IRQHandler
                0x08003bb4                DMA2_Channel1_IRQHandler
                0x08003bb4                QUADSPI_IRQHandler
                0x08003bb4                I2C1_EV_IRQHandler
                0x08003bb4                DMA1_Channel6_IRQHandler
                0x08003bb4                UART4_IRQHandler
                0x08003bb4                DMA2_Channel4_IRQHandler
                0x08003bb4                TIM3_IRQHandler
                0x08003bb4                RCC_IRQHandler
                0x08003bb4                TIM20_UP_IRQHandler
                0x08003bb4                DMA1_Channel1_IRQHandler
                0x08003bb4                Default_Handler
                0x08003bb4                DMA2_Channel7_IRQHandler
                0x08003bb4                RTC_TAMP_LSECSS_IRQHandler
                0x08003bb4                FMAC_IRQHandler
                0x08003bb4                DMA1_Channel8_IRQHandler
                0x08003bb4                HRTIM1_TIMA_IRQHandler
                0x08003bb4                TIM7_DAC_IRQHandler
                0x08003bb4                FDCAN3_IT1_IRQHandler
                0x08003bb4                TIM5_IRQHandler
                0x08003bb4                UCPD1_IRQHandler
                0x08003bb4                I2C3_EV_IRQHandler
                0x08003bb4                EXTI9_5_IRQHandler
                0x08003bb4                RTC_WKUP_IRQHandler
                0x08003bb4                PVD_PVM_IRQHandler
                0x08003bb4                SPI2_IRQHandler
                0x08003bb4                ADC5_IRQHandler
                0x08003bb4                DMA2_Channel5_IRQHandler
                0x08003bb4                CRS_IRQHandler
                0x08003bb4                DMA1_Channel5_IRQHandler
                0x08003bb4                USB_LP_IRQHandler
                0x08003bb4                EXTI4_IRQHandler
                0x08003bb4                RNG_IRQHandler
                0x08003bb4                HRTIM1_TIMB_IRQHandler
                0x08003bb4                TIM1_TRG_COM_TIM17_IRQHandler
                0x08003bb4                FDCAN2_IT1_IRQHandler
                0x08003bb4                DMA1_Channel3_IRQHandler
                0x08003bb4                ADC4_IRQHandler
                0x08003bb4                WWDG_IRQHandler
                0x08003bb4                I2C4_EV_IRQHandler
                0x08003bb4                FDCAN2_IT0_IRQHandler
                0x08003bb4                LPUART1_IRQHandler
                0x08003bb4                DMA2_Channel6_IRQHandler
                0x08003bb4                FDCAN1_IT0_IRQHandler
                0x08003bb4                TIM2_IRQHandler
                0x08003bb4                COMP7_IRQHandler
                0x08003bb4                COMP1_2_3_IRQHandler
                0x08003bb4                EXTI1_IRQHandler
                0x08003bb4                USART2_IRQHandler
                0x08003bb4                COMP4_5_6_IRQHandler
                0x08003bb4                TIM20_BRK_IRQHandler
                0x08003bb4                I2C2_ER_IRQHandler
                0x08003bb4                DMA1_Channel2_IRQHandler
                0x08003bb4                TIM8_BRK_IRQHandler
                0x08003bb4                FLASH_IRQHandler
                0x08003bb4                TIM20_CC_IRQHandler
                0x08003bb4                USART1_IRQHandler
                0x08003bb4                SPI3_IRQHandler
                0x08003bb4                I2C1_ER_IRQHandler
                0x08003bb4                FMC_IRQHandler
                0x08003bb4                LPTIM1_IRQHandler
                0x08003bb4                DMAMUX_OVR_IRQHandler
                0x08003bb4                I2C4_ER_IRQHandler
                0x08003bb4                USBWakeUp_IRQHandler
                0x08003bb4                SAI1_IRQHandler
                0x08003bb4                DMA2_Channel3_IRQHandler
                0x08003bb4                TIM1_BRK_TIM15_IRQHandler
 *fill*         0x08003bb6        0x2 
 .text.snprintf
                0x08003bb8       0x68 C:/Users/jerem/AppData/Roaming/Code/User/globalStorage/bmd.stm32-for-vscode/@xpack-dev-tools/arm-none-eabi-gcc/13.2.1-1.1.1/.content/bin/../lib/gcc/arm-none-eabi/13.2.1/../../../../arm-none-eabi/lib/thumb/v7e-m+fp/hard\libc_nano.a(libc_a-snprintf.o)
                0x08003bb8                sniprintf
                0x08003bb8                snprintf
 .text.memset   0x08003c20       0x10 C:/Users/jerem/AppData/Roaming/Code/User/globalStorage/bmd.stm32-for-vscode/@xpack-dev-tools/arm-none-eabi-gcc/13.2.1-1.1.1/.content/bin/../lib/gcc/arm-none-eabi/13.2.1/../../../../arm-none-eabi/lib/thumb/v7e-m+fp/hard\libc_nano.a(libc_a-memset.o)
                0x08003c20                memset
 .text.__errno  0x08003c30        0xc C:/Users/jerem/AppData/Roaming/Code/User/globalStorage/bmd.stm32-for-vscode/@xpack-dev-tools/arm-none-eabi-gcc/13.2.1-1.1.1/.content/bin/../lib/gcc/arm-none-eabi/13.2.1/../../../../arm-none-eabi/lib/thumb/v7e-m+fp/hard\libc_nano.a(libc_a-errno.o)
                0x08003c30                __errno
 .text.__libc_init_array
                0x08003c3c       0x48 C:/Users/jerem/AppData/Roaming/Code/User/globalStorage/bmd.stm32-for-vscode/@xpack-dev-tools/arm-none-eabi-gcc/13.2.1-1.1.1/.content/bin/../lib/gcc/arm-none-eabi/13.2.1/../../../../arm-none-eabi/lib/thumb/v7e-m+fp/hard\libc_nano.a(libc_a-init.o)
                0x08003c3c                __libc_init_array
 .text.__retarget_lock_acquire_recursive
                0x08003c84        0x2 C:/Users/jerem/AppData/Roaming/Code/User/globalStorage/bmd.stm32-for-vscode/@xpack-dev-tools/arm-none-eabi-gcc/13.2.1-1.1.1/.content/bin/../lib/gcc/arm-none-eabi/13.2.1/../../../../arm-none-eabi/lib/thumb/v7e-m+fp/hard\libc_nano.a(libc_a-lock.o)
                0x08003c84                __retarget_lock_acquire_recursive
 .text.__retarget_lock_release_recursive
                0x08003c86        0x2 C:/Users/jerem/AppData/Roaming/Code/User/globalStorage/bmd.stm32-for-vscode/@xpack-dev-tools/arm-none-eabi-gcc/13.2.1-1.1.1/.content/bin/../lib/gcc/arm-none-eabi/13.2.1/../../../../arm-none-eabi/lib/thumb/v7e-m+fp/hard\libc_nano.a(libc_a-lock.o)
                0x08003c86                __retarget_lock_release_recursive
 .text._free_r  0x08003c88       0x94 C:/Users/jerem/AppData/Roaming/Code/User/globalStorage/bmd.stm32-for-vscode/@xpack-dev-tools/arm-none-eabi-gcc/13.2.1-1.1.1/.content/bin/../lib/gcc/arm-none-eabi/13.2.1/../../../../arm-none-eabi/lib/thumb/v7e-m+fp/hard\libc_nano.a(libc_a-freer.o)
                0x08003c88                _free_r
 .text.sbrk_aligned
                0x08003d1c       0x44 C:/Users/jerem/AppData/Roaming/Code/User/globalStorage/bmd.stm32-for-vscode/@xpack-dev-tools/arm-none-eabi-gcc/13.2.1-1.1.1/.content/bin/../lib/gcc/arm-none-eabi/13.2.1/../../../../arm-none-eabi/lib/thumb/v7e-m+fp/hard\libc_nano.a(libc_a-mallocr.o)
 .text._malloc_r
                0x08003d60      0x100 C:/Users/jerem/AppData/Roaming/Code/User/globalStorage/bmd.stm32-for-vscode/@xpack-dev-tools/arm-none-eabi-gcc/13.2.1-1.1.1/.content/bin/../lib/gcc/arm-none-eabi/13.2.1/../../../../arm-none-eabi/lib/thumb/v7e-m+fp/hard\libc_nano.a(libc_a-mallocr.o)
                0x08003d60                _malloc_r
 .text.__malloc_lock
                0x08003e60        0xc C:/Users/jerem/AppData/Roaming/Code/User/globalStorage/bmd.stm32-for-vscode/@xpack-dev-tools/arm-none-eabi-gcc/13.2.1-1.1.1/.content/bin/../lib/gcc/arm-none-eabi/13.2.1/../../../../arm-none-eabi/lib/thumb/v7e-m+fp/hard\libc_nano.a(libc_a-mlock.o)
                0x08003e60                __malloc_lock
 .text.__malloc_unlock
                0x08003e6c        0xc C:/Users/jerem/AppData/Roaming/Code/User/globalStorage/bmd.stm32-for-vscode/@xpack-dev-tools/arm-none-eabi-gcc/13.2.1-1.1.1/.content/bin/../lib/gcc/arm-none-eabi/13.2.1/../../../../arm-none-eabi/lib/thumb/v7e-m+fp/hard\libc_nano.a(libc_a-mlock.o)
                0x08003e6c                __malloc_unlock
 .text.__ssputs_r
                0x08003e78       0xb6 C:/Users/jerem/AppData/Roaming/Code/User/globalStorage/bmd.stm32-for-vscode/@xpack-dev-tools/arm-none-eabi-gcc/13.2.1-1.1.1/.content/bin/../lib/gcc/arm-none-eabi/13.2.1/../../../../arm-none-eabi/lib/thumb/v7e-m+fp/hard\libc_nano.a(libc_a-nano-svfprintf.o)
                0x08003e78                __ssputs_r
 *fill*         0x08003f2e        0x2 
 .text._svfprintf_r
                0x08003f30      0x1f8 C:/Users/jerem/AppData/Roaming/Code/User/globalStorage/bmd.stm32-for-vscode/@xpack-dev-tools/arm-none-eabi-gcc/13.2.1-1.1.1/.content/bin/../lib/gcc/arm-none-eabi/13.2.1/../../../../arm-none-eabi/lib/thumb/v7e-m+fp/hard\libc_nano.a(libc_a-nano-svfprintf.o)
                0x08003f30                _svfiprintf_r
                0x08003f30                _svfprintf_r
 .text._printf_common
                0x08004128       0xda C:/Users/jerem/AppData/Roaming/Code/User/globalStorage/bmd.stm32-for-vscode/@xpack-dev-tools/arm-none-eabi-gcc/13.2.1-1.1.1/.content/bin/../lib/gcc/arm-none-eabi/13.2.1/../../../../arm-none-eabi/lib/thumb/v7e-m+fp/hard\libc_nano.a(libc_a-nano-vfprintf_i.o)
                0x08004128                _printf_common
 *fill*         0x08004202        0x2 
 .text._printf_i
                0x08004204      0x23c C:/Users/jerem/AppData/Roaming/Code/User/globalStorage/bmd.stm32-for-vscode/@xpack-dev-tools/arm-none-eabi-gcc/13.2.1-1.1.1/.content/bin/../lib/gcc/arm-none-eabi/13.2.1/../../../../arm-none-eabi/lib/thumb/v7e-m+fp/hard\libc_nano.a(libc_a-nano-vfprintf_i.o)
                0x08004204                _printf_i
 .text.memmove  0x08004440       0x34 C:/Users/jerem/AppData/Roaming/Code/User/globalStorage/bmd.stm32-for-vscode/@xpack-dev-tools/arm-none-eabi-gcc/13.2.1-1.1.1/.content/bin/../lib/gcc/arm-none-eabi/13.2.1/../../../../arm-none-eabi/lib/thumb/v7e-m+fp/hard\libc_nano.a(libc_a-memmove.o)
                0x08004440                memmove
 .text._sbrk_r  0x08004474       0x20 C:/Users/jerem/AppData/Roaming/Code/User/globalStorage/bmd.stm32-for-vscode/@xpack-dev-tools/arm-none-eabi-gcc/13.2.1-1.1.1/.content/bin/../lib/gcc/arm-none-eabi/13.2.1/../../../../arm-none-eabi/lib/thumb/v7e-m+fp/hard\libc_nano.a(libc_a-sbrkr.o)
                0x08004474                _sbrk_r
 .text.memcpy   0x08004494       0x1c C:/Users/jerem/AppData/Roaming/Code/User/globalStorage/bmd.stm32-for-vscode/@xpack-dev-tools/arm-none-eabi-gcc/13.2.1-1.1.1/.content/bin/../lib/gcc/arm-none-eabi/13.2.1/../../../../arm-none-eabi/lib/thumb/v7e-m+fp/hard\libc_nano.a(libc_a-memcpy-stub.o)
                0x08004494                memcpy
 .text._realloc_r
                0x080044b0       0x5c C:/Users/jerem/AppData/Roaming/Code/User/globalStorage/bmd.stm32-for-vscode/@xpack-dev-tools/arm-none-eabi-gcc/13.2.1-1.1.1/.content/bin/../lib/gcc/arm-none-eabi/13.2.1/../../../../arm-none-eabi/lib/thumb/v7e-m+fp/hard\libc_nano.a(libc_a-reallocr.o)
                0x080044b0                _realloc_r
 .text._malloc_usable_size_r
                0x0800450c       0x10 C:/Users/jerem/AppData/Roaming/Code/User/globalStorage/bmd.stm32-for-vscode/@xpack-dev-tools/arm-none-eabi-gcc/13.2.1-1.1.1/.content/bin/../lib/gcc/arm-none-eabi/13.2.1/../../../../arm-none-eabi/lib/thumb/v7e-m+fp/hard\libc_nano.a(libc_a-msizer.o)
                0x0800450c                _malloc_usable_size_r
 .text.__udivmoddi4
                0x0800451c      0x2bc C:/Users/jerem/AppData/Roaming/Code/User/globalStorage/bmd.stm32-for-vscode/@xpack-dev-tools/arm-none-eabi-gcc/13.2.1-1.1.1/.content/bin/../lib/gcc/arm-none-eabi/13.2.1/thumb/v7e-m+fp/hard\libgcc.a(_udivmoddi4.o)
                0x0800451c                __udivmoddi4
 *(.glue_7)
 .glue_7        0x080047d8        0x0 linker stubs
 *(.glue_7t)
 .glue_7t       0x080047d8        0x0 linker stubs
 *(.eh_frame)
 .eh_frame      0x080047d8        0x0 C:/Users/jerem/AppData/Roaming/Code/User/globalStorage/bmd.stm32-for-vscode/@xpack-dev-tools/arm-none-eabi-gcc/13.2.1-1.1.1/.content/bin/../lib/gcc/arm-none-eabi/13.2.1/thumb/v7e-m+fp/hard/crtbegin.o
 *(.init)
 .init          0x080047d8        0x4 C:/Users/jerem/AppData/Roaming/Code/User/globalStorage/bmd.stm32-for-vscode/@xpack-dev-tools/arm-none-eabi-gcc/13.2.1-1.1.1/.content/bin/../lib/gcc/arm-none-eabi/13.2.1/thumb/v7e-m+fp/hard/crti.o
                0x080047d8                _init
 .init          0x080047dc        0x8 C:/Users/jerem/AppData/Roaming/Code/User/globalStorage/bmd.stm32-for-vscode/@xpack-dev-tools/arm-none-eabi-gcc/13.2.1-1.1.1/.content/bin/../lib/gcc/arm-none-eabi/13.2.1/thumb/v7e-m+fp/hard/crtn.o
 *(.fini)
 .fini          0x080047e4        0x4 C:/Users/jerem/AppData/Roaming/Code/User/globalStorage/bmd.stm32-for-vscode/@xpack-dev-tools/arm-none-eabi-gcc/13.2.1-1.1.1/.content/bin/../lib/gcc/arm-none-eabi/13.2.1/thumb/v7e-m+fp/hard/crti.o
                0x080047e4                _fini
 .fini          0x080047e8        0x8 C:/Users/jerem/AppData/Roaming/Code/User/globalStorage/bmd.stm32-for-vscode/@xpack-dev-tools/arm-none-eabi-gcc/13.2.1-1.1.1/.content/bin/../lib/gcc/arm-none-eabi/13.2.1/thumb/v7e-m+fp/hard/crtn.o
                0x080047f0                        . = ALIGN (0x4)
                0x080047f0                        _etext = .

.vfp11_veneer   0x080047f0        0x0
 .vfp11_veneer  0x080047f0        0x0 linker stubs

.v4_bx          0x080047f0        0x0
 .v4_bx         0x080047f0        0x0 linker stubs

.iplt           0x080047f0        0x0
 .iplt          0x080047f0        0x0 C:/Users/jerem/AppData/Roaming/Code/User/globalStorage/bmd.stm32-for-vscode/@xpack-dev-tools/arm-none-eabi-gcc/13.2.1-1.1.1/.content/bin/../lib/gcc/arm-none-eabi/13.2.1/thumb/v7e-m+fp/hard/crtbegin.o

.rodata         0x080047f0       0x8c
                0x080047f0                        . = ALIGN (0x4)
 *(.rodata)
 *(.rodata*)
 .rodata.DLCtoBytes
                0x080047f0       0x10 build/stm32g4xx_hal_fdcan.o
 .rodata.UARTPrescTable
                0x08004800       0x18 build/stm32g4xx_hal_uart.o
                0x08004800                UARTPrescTable
 .rodata.denominator.0
                0x08004818        0x8 build/stm32g4xx_hal_uart_ex.o
 .rodata.numerator.1
                0x08004820        0x8 build/stm32g4xx_hal_uart_ex.o
 .rodata.printVal.str1.4
                0x08004828        0x5 build/bolt_application.o
 *fill*         0x0800482d        0x3 
 .rodata.APBPrescTable
                0x08004830        0x8 build/system_stm32g4xx.o
                0x08004830                APBPrescTable
 .rodata.AHBPrescTable
                0x08004838       0x10 build/system_stm32g4xx.o
                0x08004838                AHBPrescTable
 .rodata._svfprintf_r.str1.1
                0x08004848       0x33 C:/Users/jerem/AppData/Roaming/Code/User/globalStorage/bmd.stm32-for-vscode/@xpack-dev-tools/arm-none-eabi-gcc/13.2.1-1.1.1/.content/bin/../lib/gcc/arm-none-eabi/13.2.1/../../../../arm-none-eabi/lib/thumb/v7e-m+fp/hard\libc_nano.a(libc_a-nano-svfprintf.o)
                                 0x11 (size before relaxing)
 .rodata._printf_i.str1.1
                0x0800487b       0x22 C:/Users/jerem/AppData/Roaming/Code/User/globalStorage/bmd.stm32-for-vscode/@xpack-dev-tools/arm-none-eabi-gcc/13.2.1-1.1.1/.content/bin/../lib/gcc/arm-none-eabi/13.2.1/../../../../arm-none-eabi/lib/thumb/v7e-m+fp/hard\libc_nano.a(libc_a-nano-vfprintf_i.o)
                0x080048a0                        . = ALIGN (0x4)
 *fill*         0x0800487b        0x1 

.ARM.extab
 *(.ARM.extab* .gnu.linkonce.armextab.*)

.ARM            0x0800487c        0x8
                0x0800487c                        __exidx_start = .
 *(.ARM.exidx*)
 .ARM.exidx     0x0800487c        0x8 C:/Users/jerem/AppData/Roaming/Code/User/globalStorage/bmd.stm32-for-vscode/@xpack-dev-tools/arm-none-eabi-gcc/13.2.1-1.1.1/.content/bin/../lib/gcc/arm-none-eabi/13.2.1/../../../../arm-none-eabi/lib/thumb/v7e-m+fp/hard\libc_nano.a(libc_a-memchr.o)
 .ARM.exidx.text.__udivmoddi4
                0x08004884        0x0 C:/Users/jerem/AppData/Roaming/Code/User/globalStorage/bmd.stm32-for-vscode/@xpack-dev-tools/arm-none-eabi-gcc/13.2.1-1.1.1/.content/bin/../lib/gcc/arm-none-eabi/13.2.1/thumb/v7e-m+fp/hard\libgcc.a(_udivmoddi4.o)
                                  0x8 (size before relaxing)
                0x08004884                        __exidx_end = .

.rel.dyn        0x08004884        0x0
 .rel.iplt      0x08004884        0x0 C:/Users/jerem/AppData/Roaming/Code/User/globalStorage/bmd.stm32-for-vscode/@xpack-dev-tools/arm-none-eabi-gcc/13.2.1-1.1.1/.content/bin/../lib/gcc/arm-none-eabi/13.2.1/thumb/v7e-m+fp/hard/crtbegin.o

.preinit_array  0x08004884        0x0
                0x08004884                        PROVIDE (__preinit_array_start = .)
 *(.preinit_array*)
                0x08004884                        PROVIDE (__preinit_array_end = .)

.init_array     0x08004884        0x4
                0x08004884                        PROVIDE (__init_array_start = .)
 *(SORT_BY_NAME(.init_array.*))
 *(.init_array*)
 .init_array    0x08004884        0x4 C:/Users/jerem/AppData/Roaming/Code/User/globalStorage/bmd.stm32-for-vscode/@xpack-dev-tools/arm-none-eabi-gcc/13.2.1-1.1.1/.content/bin/../lib/gcc/arm-none-eabi/13.2.1/thumb/v7e-m+fp/hard/crtbegin.o
                0x08004888                        PROVIDE (__init_array_end = .)

.fini_array     0x08004888        0x4
                0x08004888                        PROVIDE (__fini_array_start = .)
 *(SORT_BY_NAME(.fini_array.*))
 *(.fini_array*)
 .fini_array    0x08004888        0x4 C:/Users/jerem/AppData/Roaming/Code/User/globalStorage/bmd.stm32-for-vscode/@xpack-dev-tools/arm-none-eabi-gcc/13.2.1-1.1.1/.content/bin/../lib/gcc/arm-none-eabi/13.2.1/thumb/v7e-m+fp/hard/crtbegin.o
                0x0800488c                        PROVIDE (__fini_array_end = .)
                0x0800488c                        _sidata = LOADADDR (.data)

.data           0x20000000       0x5c load address 0x0800488c
                0x20000000                        . = ALIGN (0x4)
                0x20000000                        _sdata = .
 *(.data)
 *(.data*)
 .data.uwTickFreq
                0x20000000        0x4 build/stm32g4xx_hal.o
                0x20000000                uwTickFreq
 .data.uwTickPrio
                0x20000004        0x4 build/stm32g4xx_hal.o
                0x20000004                uwTickPrio
 .data.SystemCoreClock
                0x20000008        0x4 build/system_stm32g4xx.o
                0x20000008                SystemCoreClock
 .data._impure_ptr
                0x2000000c        0x4 C:/Users/jerem/AppData/Roaming/Code/User/globalStorage/bmd.stm32-for-vscode/@xpack-dev-tools/arm-none-eabi-gcc/13.2.1-1.1.1/.content/bin/../lib/gcc/arm-none-eabi/13.2.1/../../../../arm-none-eabi/lib/thumb/v7e-m+fp/hard\libc_nano.a(libc_a-impure.o)
                0x2000000c                _impure_ptr
 .data._impure_data
                0x20000010       0x4c C:/Users/jerem/AppData/Roaming/Code/User/globalStorage/bmd.stm32-for-vscode/@xpack-dev-tools/arm-none-eabi-gcc/13.2.1-1.1.1/.content/bin/../lib/gcc/arm-none-eabi/13.2.1/../../../../arm-none-eabi/lib/thumb/v7e-m+fp/hard\libc_nano.a(libc_a-impure.o)
                0x20000010                _impure_data
                0x2000005c                        . = ALIGN (0x4)
                0x2000005c                        _edata = .

.igot.plt       0x2000005c        0x0 load address 0x080048e8
 .igot.plt      0x2000005c        0x0 C:/Users/jerem/AppData/Roaming/Code/User/globalStorage/bmd.stm32-for-vscode/@xpack-dev-tools/arm-none-eabi-gcc/13.2.1-1.1.1/.content/bin/../lib/gcc/arm-none-eabi/13.2.1/thumb/v7e-m+fp/hard/crtbegin.o
                0x2000005c                        . = ALIGN (0x4)

.bss            0x2000005c      0x400 load address 0x080048e8
                0x2000005c                        _sbss = .
                0x2000005c                        __bss_start__ = _sbss
 *(.bss)
 *(.bss*)
 .bss.completed.1
                0x2000005c        0x1 C:/Users/jerem/AppData/Roaming/Code/User/globalStorage/bmd.stm32-for-vscode/@xpack-dev-tools/arm-none-eabi-gcc/13.2.1-1.1.1/.content/bin/../lib/gcc/arm-none-eabi/13.2.1/thumb/v7e-m+fp/hard/crtbegin.o
 *fill*         0x2000005d        0x3 
 .bss.object.0  0x20000060       0x18 C:/Users/jerem/AppData/Roaming/Code/User/globalStorage/bmd.stm32-for-vscode/@xpack-dev-tools/arm-none-eabi-gcc/13.2.1-1.1.1/.content/bin/../lib/gcc/arm-none-eabi/13.2.1/thumb/v7e-m+fp/hard/crtbegin.o
 .bss.uwTick    0x20000078        0x4 build/stm32g4xx_hal.o
                0x20000078                uwTick
 .bss.hadc1     0x2000007c       0x6c build/adc.o
                0x2000007c                hadc1
 .bss.TxData    0x200000e8        0x2 build/bolt_application.o
                0x200000e8                TxData
 *fill*         0x200000ea        0x2 
 .bss.TxHeader  0x200000ec       0x24 build/bolt_application.o
                0x200000ec                TxHeader
 .bss.HAL_RCC_FDCAN_CLK_ENABLED
                0x20000110        0x4 build/fdcan.o
 .bss.hfdcan2   0x20000114       0x64 build/fdcan.o
                0x20000114                hfdcan2
 .bss.hfdcan1   0x20000178       0x64 build/fdcan.o
                0x20000178                hfdcan1
 .bss.app       0x200001dc        0x8 build/main.o
                0x200001dc                app
 .bss.__sbrk_heap_end
                0x200001e4        0x4 build/sysmem.o
 .bss.htim3     0x200001e8       0x4c build/tim.o
                0x200001e8                htim3
 .bss.htim1     0x20000234       0x4c build/tim.o
                0x20000234                htim1
 .bss.hlpuart1  0x20000280       0x94 build/usart.o
                0x20000280                hlpuart1
 .bss.__sf      0x20000314      0x138 C:/Users/jerem/AppData/Roaming/Code/User/globalStorage/bmd.stm32-for-vscode/@xpack-dev-tools/arm-none-eabi-gcc/13.2.1-1.1.1/.content/bin/../lib/gcc/arm-none-eabi/13.2.1/../../../../arm-none-eabi/lib/thumb/v7e-m+fp/hard\libc_nano.a(libc_a-findfp.o)
                0x20000314                __sf
 .bss.errno     0x2000044c        0x4 C:/Users/jerem/AppData/Roaming/Code/User/globalStorage/bmd.stm32-for-vscode/@xpack-dev-tools/arm-none-eabi-gcc/13.2.1-1.1.1/.content/bin/../lib/gcc/arm-none-eabi/13.2.1/../../../../arm-none-eabi/lib/thumb/v7e-m+fp/hard\libc_nano.a(libc_a-reent.o)
                0x2000044c                errno
 .bss.__lock___malloc_recursive_mutex
                0x20000450        0x1 C:/Users/jerem/AppData/Roaming/Code/User/globalStorage/bmd.stm32-for-vscode/@xpack-dev-tools/arm-none-eabi-gcc/13.2.1-1.1.1/.content/bin/../lib/gcc/arm-none-eabi/13.2.1/../../../../arm-none-eabi/lib/thumb/v7e-m+fp/hard\libc_nano.a(libc_a-lock.o)
                0x20000450                __lock___malloc_recursive_mutex
 *fill*         0x20000451        0x3 
 .bss.__malloc_sbrk_start
                0x20000454        0x4 C:/Users/jerem/AppData/Roaming/Code/User/globalStorage/bmd.stm32-for-vscode/@xpack-dev-tools/arm-none-eabi-gcc/13.2.1-1.1.1/.content/bin/../lib/gcc/arm-none-eabi/13.2.1/../../../../arm-none-eabi/lib/thumb/v7e-m+fp/hard\libc_nano.a(libc_a-mallocr.o)
                0x20000454                __malloc_sbrk_start
 .bss.__malloc_free_list
                0x20000458        0x4 C:/Users/jerem/AppData/Roaming/Code/User/globalStorage/bmd.stm32-for-vscode/@xpack-dev-tools/arm-none-eabi-gcc/13.2.1-1.1.1/.content/bin/../lib/gcc/arm-none-eabi/13.2.1/../../../../arm-none-eabi/lib/thumb/v7e-m+fp/hard\libc_nano.a(libc_a-mallocr.o)
                0x20000458                __malloc_free_list
 *(COMMON)
                0x2000045c                        . = ALIGN (0x4)
                0x2000045c                        _ebss = .
                0x2000045c                        __bss_end__ = _ebss

._user_heap_stack
                0x2000045c      0x604 load address 0x080048e8
                0x20000460                        . = ALIGN (0x8)
 *fill*         0x2000045c        0x4 
                [!provide]                        PROVIDE (end = .)
                0x20000460                        PROVIDE (_end = .)
                0x20000660                        . = (. + _Min_Heap_Size)
 *fill*         0x20000460      0x200 
                0x20000a60                        . = (. + _Min_Stack_Size)
 *fill*         0x20000660      0x400 
                0x20000a60                        . = ALIGN (0x8)

/DISCARD/
 libc.a(*)
 libm.a(*)
 libgcc.a(*)

.ARM.attributes
                0x00000000       0x30
 *(.ARM.attributes)
 .ARM.attributes
                0x00000000       0x22 C:/Users/jerem/AppData/Roaming/Code/User/globalStorage/bmd.stm32-for-vscode/@xpack-dev-tools/arm-none-eabi-gcc/13.2.1-1.1.1/.content/bin/../lib/gcc/arm-none-eabi/13.2.1/thumb/v7e-m+fp/hard/crti.o
 .ARM.attributes
                0x00000022       0x34 C:/Users/jerem/AppData/Roaming/Code/User/globalStorage/bmd.stm32-for-vscode/@xpack-dev-tools/arm-none-eabi-gcc/13.2.1-1.1.1/.content/bin/../lib/gcc/arm-none-eabi/13.2.1/thumb/v7e-m+fp/hard/crtbegin.o
 .ARM.attributes
                0x00000056       0x34 build/stm32g4xx_hal.o
 .ARM.attributes
                0x0000008a       0x34 build/stm32g4xx_hal_adc.o
 .ARM.attributes
                0x000000be       0x34 build/stm32g4xx_hal_adc_ex.o
 .ARM.attributes
                0x000000f2       0x34 build/stm32g4xx_hal_cortex.o
 .ARM.attributes
                0x00000126       0x34 build/stm32g4xx_hal_fdcan.o
 .ARM.attributes
                0x0000015a       0x34 build/stm32g4xx_hal_gpio.o
 .ARM.attributes
                0x0000018e       0x34 build/stm32g4xx_hal_pwr_ex.o
 .ARM.attributes
                0x000001c2       0x34 build/stm32g4xx_hal_rcc.o
 .ARM.attributes
                0x000001f6       0x34 build/stm32g4xx_hal_rcc_ex.o
 .ARM.attributes
                0x0000022a       0x34 build/stm32g4xx_hal_tim.o
 .ARM.attributes
                0x0000025e       0x34 build/stm32g4xx_hal_tim_ex.o
 .ARM.attributes
                0x00000292       0x34 build/stm32g4xx_hal_uart.o
 .ARM.attributes
                0x000002c6       0x34 build/stm32g4xx_hal_uart_ex.o
 .ARM.attributes
                0x000002fa       0x34 build/adc.o
 .ARM.attributes
                0x0000032e       0x34 build/bolt_application.o
 .ARM.attributes
                0x00000362       0x34 build/bolt_sw_timer.o
 .ARM.attributes
                0x00000396       0x34 build/fdcan.o
 .ARM.attributes
                0x000003ca       0x34 build/gpio.o
 .ARM.attributes
                0x000003fe       0x34 build/main.o
 .ARM.attributes
                0x00000432       0x34 build/stm32g4xx_hal_msp.o
 .ARM.attributes
                0x00000466       0x34 build/stm32g4xx_it.o
 .ARM.attributes
                0x0000049a       0x34 build/sysmem.o
 .ARM.attributes
                0x000004ce       0x34 build/system_stm32g4xx.o
 .ARM.attributes
                0x00000502       0x34 build/tim.o
 .ARM.attributes
                0x00000536       0x34 build/usart.o
 .ARM.attributes
                0x0000056a       0x21 build/startup_stm32g474xx.o
 .ARM.attributes
                0x0000058b       0x34 C:/Users/jerem/AppData/Roaming/Code/User/globalStorage/bmd.stm32-for-vscode/@xpack-dev-tools/arm-none-eabi-gcc/13.2.1-1.1.1/.content/bin/../lib/gcc/arm-none-eabi/13.2.1/../../../../arm-none-eabi/lib/thumb/v7e-m+fp/hard\libc_nano.a(libc_a-findfp.o)
 .ARM.attributes
                0x000005bf       0x34 C:/Users/jerem/AppData/Roaming/Code/User/globalStorage/bmd.stm32-for-vscode/@xpack-dev-tools/arm-none-eabi-gcc/13.2.1-1.1.1/.content/bin/../lib/gcc/arm-none-eabi/13.2.1/../../../../arm-none-eabi/lib/thumb/v7e-m+fp/hard\libc_nano.a(libc_a-snprintf.o)
 .ARM.attributes
                0x000005f3       0x34 C:/Users/jerem/AppData/Roaming/Code/User/globalStorage/bmd.stm32-for-vscode/@xpack-dev-tools/arm-none-eabi-gcc/13.2.1-1.1.1/.content/bin/../lib/gcc/arm-none-eabi/13.2.1/../../../../arm-none-eabi/lib/thumb/v7e-m+fp/hard\libc_nano.a(libc_a-memset.o)
 .ARM.attributes
                0x00000627       0x34 C:/Users/jerem/AppData/Roaming/Code/User/globalStorage/bmd.stm32-for-vscode/@xpack-dev-tools/arm-none-eabi-gcc/13.2.1-1.1.1/.content/bin/../lib/gcc/arm-none-eabi/13.2.1/../../../../arm-none-eabi/lib/thumb/v7e-m+fp/hard\libc_nano.a(libc_a-reent.o)
 .ARM.attributes
                0x0000065b       0x34 C:/Users/jerem/AppData/Roaming/Code/User/globalStorage/bmd.stm32-for-vscode/@xpack-dev-tools/arm-none-eabi-gcc/13.2.1-1.1.1/.content/bin/../lib/gcc/arm-none-eabi/13.2.1/../../../../arm-none-eabi/lib/thumb/v7e-m+fp/hard\libc_nano.a(libc_a-impure.o)
 .ARM.attributes
                0x0000068f       0x34 C:/Users/jerem/AppData/Roaming/Code/User/globalStorage/bmd.stm32-for-vscode/@xpack-dev-tools/arm-none-eabi-gcc/13.2.1-1.1.1/.content/bin/../lib/gcc/arm-none-eabi/13.2.1/../../../../arm-none-eabi/lib/thumb/v7e-m+fp/hard\libc_nano.a(libc_a-errno.o)
 .ARM.attributes
                0x000006c3       0x34 C:/Users/jerem/AppData/Roaming/Code/User/globalStorage/bmd.stm32-for-vscode/@xpack-dev-tools/arm-none-eabi-gcc/13.2.1-1.1.1/.content/bin/../lib/gcc/arm-none-eabi/13.2.1/../../../../arm-none-eabi/lib/thumb/v7e-m+fp/hard\libc_nano.a(libc_a-init.o)
 .ARM.attributes
                0x000006f7       0x34 C:/Users/jerem/AppData/Roaming/Code/User/globalStorage/bmd.stm32-for-vscode/@xpack-dev-tools/arm-none-eabi-gcc/13.2.1-1.1.1/.content/bin/../lib/gcc/arm-none-eabi/13.2.1/../../../../arm-none-eabi/lib/thumb/v7e-m+fp/hard\libc_nano.a(libc_a-lock.o)
 .ARM.attributes
                0x0000072b       0x34 C:/Users/jerem/AppData/Roaming/Code/User/globalStorage/bmd.stm32-for-vscode/@xpack-dev-tools/arm-none-eabi-gcc/13.2.1-1.1.1/.content/bin/../lib/gcc/arm-none-eabi/13.2.1/../../../../arm-none-eabi/lib/thumb/v7e-m+fp/hard\libc_nano.a(libc_a-freer.o)
 .ARM.attributes
                0x0000075f       0x34 C:/Users/jerem/AppData/Roaming/Code/User/globalStorage/bmd.stm32-for-vscode/@xpack-dev-tools/arm-none-eabi-gcc/13.2.1-1.1.1/.content/bin/../lib/gcc/arm-none-eabi/13.2.1/../../../../arm-none-eabi/lib/thumb/v7e-m+fp/hard\libc_nano.a(libc_a-mallocr.o)
 .ARM.attributes
                0x00000793       0x34 C:/Users/jerem/AppData/Roaming/Code/User/globalStorage/bmd.stm32-for-vscode/@xpack-dev-tools/arm-none-eabi-gcc/13.2.1-1.1.1/.content/bin/../lib/gcc/arm-none-eabi/13.2.1/../../../../arm-none-eabi/lib/thumb/v7e-m+fp/hard\libc_nano.a(libc_a-mlock.o)
 .ARM.attributes
                0x000007c7       0x34 C:/Users/jerem/AppData/Roaming/Code/User/globalStorage/bmd.stm32-for-vscode/@xpack-dev-tools/arm-none-eabi-gcc/13.2.1-1.1.1/.content/bin/../lib/gcc/arm-none-eabi/13.2.1/../../../../arm-none-eabi/lib/thumb/v7e-m+fp/hard\libc_nano.a(libc_a-nano-svfprintf.o)
 .ARM.attributes
                0x000007fb       0x34 C:/Users/jerem/AppData/Roaming/Code/User/globalStorage/bmd.stm32-for-vscode/@xpack-dev-tools/arm-none-eabi-gcc/13.2.1-1.1.1/.content/bin/../lib/gcc/arm-none-eabi/13.2.1/../../../../arm-none-eabi/lib/thumb/v7e-m+fp/hard\libc_nano.a(libc_a-nano-vfprintf_i.o)
 .ARM.attributes
                0x0000082f       0x34 C:/Users/jerem/AppData/Roaming/Code/User/globalStorage/bmd.stm32-for-vscode/@xpack-dev-tools/arm-none-eabi-gcc/13.2.1-1.1.1/.content/bin/../lib/gcc/arm-none-eabi/13.2.1/../../../../arm-none-eabi/lib/thumb/v7e-m+fp/hard\libc_nano.a(libc_a-memmove.o)
 .ARM.attributes
                0x00000863       0x34 C:/Users/jerem/AppData/Roaming/Code/User/globalStorage/bmd.stm32-for-vscode/@xpack-dev-tools/arm-none-eabi-gcc/13.2.1-1.1.1/.content/bin/../lib/gcc/arm-none-eabi/13.2.1/../../../../arm-none-eabi/lib/thumb/v7e-m+fp/hard\libc_nano.a(libc_a-sbrkr.o)
 .ARM.attributes
                0x00000897       0x1c C:/Users/jerem/AppData/Roaming/Code/User/globalStorage/bmd.stm32-for-vscode/@xpack-dev-tools/arm-none-eabi-gcc/13.2.1-1.1.1/.content/bin/../lib/gcc/arm-none-eabi/13.2.1/../../../../arm-none-eabi/lib/thumb/v7e-m+fp/hard\libc_nano.a(libc_a-memchr.o)
 .ARM.attributes
                0x000008b3       0x34 C:/Users/jerem/AppData/Roaming/Code/User/globalStorage/bmd.stm32-for-vscode/@xpack-dev-tools/arm-none-eabi-gcc/13.2.1-1.1.1/.content/bin/../lib/gcc/arm-none-eabi/13.2.1/../../../../arm-none-eabi/lib/thumb/v7e-m+fp/hard\libc_nano.a(libc_a-memcpy-stub.o)
 .ARM.attributes
                0x000008e7       0x34 C:/Users/jerem/AppData/Roaming/Code/User/globalStorage/bmd.stm32-for-vscode/@xpack-dev-tools/arm-none-eabi-gcc/13.2.1-1.1.1/.content/bin/../lib/gcc/arm-none-eabi/13.2.1/../../../../arm-none-eabi/lib/thumb/v7e-m+fp/hard\libc_nano.a(libc_a-reallocr.o)
 .ARM.attributes
                0x0000091b       0x34 C:/Users/jerem/AppData/Roaming/Code/User/globalStorage/bmd.stm32-for-vscode/@xpack-dev-tools/arm-none-eabi-gcc/13.2.1-1.1.1/.content/bin/../lib/gcc/arm-none-eabi/13.2.1/../../../../arm-none-eabi/lib/thumb/v7e-m+fp/hard\libc_nano.a(libc_a-msizer.o)
 .ARM.attributes
                0x0000094f       0x22 C:/Users/jerem/AppData/Roaming/Code/User/globalStorage/bmd.stm32-for-vscode/@xpack-dev-tools/arm-none-eabi-gcc/13.2.1-1.1.1/.content/bin/../lib/gcc/arm-none-eabi/13.2.1/thumb/v7e-m+fp/hard\libgcc.a(_aeabi_uldivmod.o)
 .ARM.attributes
                0x00000971       0x34 C:/Users/jerem/AppData/Roaming/Code/User/globalStorage/bmd.stm32-for-vscode/@xpack-dev-tools/arm-none-eabi-gcc/13.2.1-1.1.1/.content/bin/../lib/gcc/arm-none-eabi/13.2.1/thumb/v7e-m+fp/hard\libgcc.a(_udivmoddi4.o)
 .ARM.attributes
                0x000009a5       0x22 C:/Users/jerem/AppData/Roaming/Code/User/globalStorage/bmd.stm32-for-vscode/@xpack-dev-tools/arm-none-eabi-gcc/13.2.1-1.1.1/.content/bin/../lib/gcc/arm-none-eabi/13.2.1/thumb/v7e-m+fp/hard\libgcc.a(_dvmd_tls.o)
 .ARM.attributes
                0x000009c7       0x22 C:/Users/jerem/AppData/Roaming/Code/User/globalStorage/bmd.stm32-for-vscode/@xpack-dev-tools/arm-none-eabi-gcc/13.2.1-1.1.1/.content/bin/../lib/gcc/arm-none-eabi/13.2.1/thumb/v7e-m+fp/hard/crtn.o
OUTPUT(build/pdu-firmware-mx.elf elf32-littlearm)
LOAD linker stubs
LOAD C:/Users/jerem/AppData/Roaming/Code/User/globalStorage/bmd.stm32-for-vscode/@xpack-dev-tools/arm-none-eabi-gcc/13.2.1-1.1.1/.content/bin/../lib/gcc/arm-none-eabi/13.2.1/../../../../arm-none-eabi/lib/thumb/v7e-m+fp/hard\libc.a
LOAD C:/Users/jerem/AppData/Roaming/Code/User/globalStorage/bmd.stm32-for-vscode/@xpack-dev-tools/arm-none-eabi-gcc/13.2.1-1.1.1/.content/bin/../lib/gcc/arm-none-eabi/13.2.1/../../../../arm-none-eabi/lib/thumb/v7e-m+fp/hard\libm.a
LOAD C:/Users/jerem/AppData/Roaming/Code/User/globalStorage/bmd.stm32-for-vscode/@xpack-dev-tools/arm-none-eabi-gcc/13.2.1-1.1.1/.content/bin/../lib/gcc/arm-none-eabi/13.2.1/thumb/v7e-m+fp/hard\libgcc.a

.comment        0x00000000       0x39
 .comment       0x00000000       0x39 C:/Users/jerem/AppData/Roaming/Code/User/globalStorage/bmd.stm32-for-vscode/@xpack-dev-tools/arm-none-eabi-gcc/13.2.1-1.1.1/.content/bin/../lib/gcc/arm-none-eabi/13.2.1/thumb/v7e-m+fp/hard/crtbegin.o
                                 0x3a (size before relaxing)
 .comment       0x00000039       0x3a build/stm32g4xx_hal.o
 .comment       0x00000039       0x3a build/stm32g4xx_hal_adc.o
 .comment       0x00000039       0x3a build/stm32g4xx_hal_adc_ex.o
 .comment       0x00000039       0x3a build/stm32g4xx_hal_cortex.o
 .comment       0x00000039       0x3a build/stm32g4xx_hal_fdcan.o
 .comment       0x00000039       0x3a build/stm32g4xx_hal_gpio.o
 .comment       0x00000039       0x3a build/stm32g4xx_hal_pwr_ex.o
 .comment       0x00000039       0x3a build/stm32g4xx_hal_rcc.o
 .comment       0x00000039       0x3a build/stm32g4xx_hal_rcc_ex.o
 .comment       0x00000039       0x3a build/stm32g4xx_hal_tim.o
 .comment       0x00000039       0x3a build/stm32g4xx_hal_tim_ex.o
 .comment       0x00000039       0x3a build/stm32g4xx_hal_uart.o
 .comment       0x00000039       0x3a build/stm32g4xx_hal_uart_ex.o
 .comment       0x00000039       0x3a build/adc.o
 .comment       0x00000039       0x3a build/bolt_application.o
 .comment       0x00000039       0x3a build/bolt_sw_timer.o
 .comment       0x00000039       0x3a build/fdcan.o
 .comment       0x00000039       0x3a build/gpio.o
 .comment       0x00000039       0x3a build/main.o
 .comment       0x00000039       0x3a build/stm32g4xx_hal_msp.o
 .comment       0x00000039       0x3a build/stm32g4xx_it.o
 .comment       0x00000039       0x3a build/sysmem.o
 .comment       0x00000039       0x3a build/system_stm32g4xx.o
 .comment       0x00000039       0x3a build/tim.o
 .comment       0x00000039       0x3a build/usart.o
 .comment       0x00000039       0x3a C:/Users/jerem/AppData/Roaming/Code/User/globalStorage/bmd.stm32-for-vscode/@xpack-dev-tools/arm-none-eabi-gcc/13.2.1-1.1.1/.content/bin/../lib/gcc/arm-none-eabi/13.2.1/../../../../arm-none-eabi/lib/thumb/v7e-m+fp/hard\libc_nano.a(libc_a-findfp.o)
 .comment       0x00000039       0x3a C:/Users/jerem/AppData/Roaming/Code/User/globalStorage/bmd.stm32-for-vscode/@xpack-dev-tools/arm-none-eabi-gcc/13.2.1-1.1.1/.content/bin/../lib/gcc/arm-none-eabi/13.2.1/../../../../arm-none-eabi/lib/thumb/v7e-m+fp/hard\libc_nano.a(libc_a-snprintf.o)
 .comment       0x00000039       0x3a C:/Users/jerem/AppData/Roaming/Code/User/globalStorage/bmd.stm32-for-vscode/@xpack-dev-tools/arm-none-eabi-gcc/13.2.1-1.1.1/.content/bin/../lib/gcc/arm-none-eabi/13.2.1/../../../../arm-none-eabi/lib/thumb/v7e-m+fp/hard\libc_nano.a(libc_a-memset.o)
 .comment       0x00000039       0x3a C:/Users/jerem/AppData/Roaming/Code/User/globalStorage/bmd.stm32-for-vscode/@xpack-dev-tools/arm-none-eabi-gcc/13.2.1-1.1.1/.content/bin/../lib/gcc/arm-none-eabi/13.2.1/../../../../arm-none-eabi/lib/thumb/v7e-m+fp/hard\libc_nano.a(libc_a-reent.o)
 .comment       0x00000039       0x3a C:/Users/jerem/AppData/Roaming/Code/User/globalStorage/bmd.stm32-for-vscode/@xpack-dev-tools/arm-none-eabi-gcc/13.2.1-1.1.1/.content/bin/../lib/gcc/arm-none-eabi/13.2.1/../../../../arm-none-eabi/lib/thumb/v7e-m+fp/hard\libc_nano.a(libc_a-impure.o)
 .comment       0x00000039       0x3a C:/Users/jerem/AppData/Roaming/Code/User/globalStorage/bmd.stm32-for-vscode/@xpack-dev-tools/arm-none-eabi-gcc/13.2.1-1.1.1/.content/bin/../lib/gcc/arm-none-eabi/13.2.1/../../../../arm-none-eabi/lib/thumb/v7e-m+fp/hard\libc_nano.a(libc_a-errno.o)
 .comment       0x00000039       0x3a C:/Users/jerem/AppData/Roaming/Code/User/globalStorage/bmd.stm32-for-vscode/@xpack-dev-tools/arm-none-eabi-gcc/13.2.1-1.1.1/.content/bin/../lib/gcc/arm-none-eabi/13.2.1/../../../../arm-none-eabi/lib/thumb/v7e-m+fp/hard\libc_nano.a(libc_a-init.o)
 .comment       0x00000039       0x3a C:/Users/jerem/AppData/Roaming/Code/User/globalStorage/bmd.stm32-for-vscode/@xpack-dev-tools/arm-none-eabi-gcc/13.2.1-1.1.1/.content/bin/../lib/gcc/arm-none-eabi/13.2.1/../../../../arm-none-eabi/lib/thumb/v7e-m+fp/hard\libc_nano.a(libc_a-lock.o)
 .comment       0x00000039       0x3a C:/Users/jerem/AppData/Roaming/Code/User/globalStorage/bmd.stm32-for-vscode/@xpack-dev-tools/arm-none-eabi-gcc/13.2.1-1.1.1/.content/bin/../lib/gcc/arm-none-eabi/13.2.1/../../../../arm-none-eabi/lib/thumb/v7e-m+fp/hard\libc_nano.a(libc_a-freer.o)
 .comment       0x00000039       0x3a C:/Users/jerem/AppData/Roaming/Code/User/globalStorage/bmd.stm32-for-vscode/@xpack-dev-tools/arm-none-eabi-gcc/13.2.1-1.1.1/.content/bin/../lib/gcc/arm-none-eabi/13.2.1/../../../../arm-none-eabi/lib/thumb/v7e-m+fp/hard\libc_nano.a(libc_a-mallocr.o)
 .comment       0x00000039       0x3a C:/Users/jerem/AppData/Roaming/Code/User/globalStorage/bmd.stm32-for-vscode/@xpack-dev-tools/arm-none-eabi-gcc/13.2.1-1.1.1/.content/bin/../lib/gcc/arm-none-eabi/13.2.1/../../../../arm-none-eabi/lib/thumb/v7e-m+fp/hard\libc_nano.a(libc_a-mlock.o)
 .comment       0x00000039       0x3a C:/Users/jerem/AppData/Roaming/Code/User/globalStorage/bmd.stm32-for-vscode/@xpack-dev-tools/arm-none-eabi-gcc/13.2.1-1.1.1/.content/bin/../lib/gcc/arm-none-eabi/13.2.1/../../../../arm-none-eabi/lib/thumb/v7e-m+fp/hard\libc_nano.a(libc_a-nano-svfprintf.o)
 .comment       0x00000039       0x3a C:/Users/jerem/AppData/Roaming/Code/User/globalStorage/bmd.stm32-for-vscode/@xpack-dev-tools/arm-none-eabi-gcc/13.2.1-1.1.1/.content/bin/../lib/gcc/arm-none-eabi/13.2.1/../../../../arm-none-eabi/lib/thumb/v7e-m+fp/hard\libc_nano.a(libc_a-nano-vfprintf_i.o)
 .comment       0x00000039       0x3a C:/Users/jerem/AppData/Roaming/Code/User/globalStorage/bmd.stm32-for-vscode/@xpack-dev-tools/arm-none-eabi-gcc/13.2.1-1.1.1/.content/bin/../lib/gcc/arm-none-eabi/13.2.1/../../../../arm-none-eabi/lib/thumb/v7e-m+fp/hard\libc_nano.a(libc_a-memmove.o)
 .comment       0x00000039       0x3a C:/Users/jerem/AppData/Roaming/Code/User/globalStorage/bmd.stm32-for-vscode/@xpack-dev-tools/arm-none-eabi-gcc/13.2.1-1.1.1/.content/bin/../lib/gcc/arm-none-eabi/13.2.1/../../../../arm-none-eabi/lib/thumb/v7e-m+fp/hard\libc_nano.a(libc_a-sbrkr.o)
 .comment       0x00000039       0x3a C:/Users/jerem/AppData/Roaming/Code/User/globalStorage/bmd.stm32-for-vscode/@xpack-dev-tools/arm-none-eabi-gcc/13.2.1-1.1.1/.content/bin/../lib/gcc/arm-none-eabi/13.2.1/../../../../arm-none-eabi/lib/thumb/v7e-m+fp/hard\libc_nano.a(libc_a-memcpy-stub.o)
 .comment       0x00000039       0x3a C:/Users/jerem/AppData/Roaming/Code/User/globalStorage/bmd.stm32-for-vscode/@xpack-dev-tools/arm-none-eabi-gcc/13.2.1-1.1.1/.content/bin/../lib/gcc/arm-none-eabi/13.2.1/../../../../arm-none-eabi/lib/thumb/v7e-m+fp/hard\libc_nano.a(libc_a-reallocr.o)
 .comment       0x00000039       0x3a C:/Users/jerem/AppData/Roaming/Code/User/globalStorage/bmd.stm32-for-vscode/@xpack-dev-tools/arm-none-eabi-gcc/13.2.1-1.1.1/.content/bin/../lib/gcc/arm-none-eabi/13.2.1/../../../../arm-none-eabi/lib/thumb/v7e-m+fp/hard\libc_nano.a(libc_a-msizer.o)
 .comment       0x00000039       0x3a C:/Users/jerem/AppData/Roaming/Code/User/globalStorage/bmd.stm32-for-vscode/@xpack-dev-tools/arm-none-eabi-gcc/13.2.1-1.1.1/.content/bin/../lib/gcc/arm-none-eabi/13.2.1/thumb/v7e-m+fp/hard\libgcc.a(_udivmoddi4.o)

.debug_info     0x00000000    0x217ce
 .debug_info    0x00000000      0xc4e build/stm32g4xx_hal.o
 .debug_info    0x00000c4e     0x3640 build/stm32g4xx_hal_adc.o
 .debug_info    0x0000428e     0x2f4e build/stm32g4xx_hal_adc_ex.o
 .debug_info    0x000071dc     0x1018 build/stm32g4xx_hal_cortex.o
 .debug_info    0x000081f4     0x1c3b build/stm32g4xx_hal_fdcan.o
 .debug_info    0x00009e2f      0x795 build/stm32g4xx_hal_gpio.o
 .debug_info    0x0000a5c4      0x9bd build/stm32g4xx_hal_pwr_ex.o
 .debug_info    0x0000af81      0xe3f build/stm32g4xx_hal_rcc.o
 .debug_info    0x0000bdc0      0xe5a build/stm32g4xx_hal_rcc_ex.o
 .debug_info    0x0000cc1a     0x3f0c build/stm32g4xx_hal_tim.o
 .debug_info    0x00010b26     0x24e9 build/stm32g4xx_hal_tim_ex.o
 .debug_info    0x0001300f     0x61f6 build/stm32g4xx_hal_uart.o
 .debug_info    0x00019205     0x1249 build/stm32g4xx_hal_uart_ex.o
 .debug_info    0x0001a44e     0x1109 build/adc.o
 .debug_info    0x0001b557     0x122f build/bolt_application.o
 .debug_info    0x0001c786      0x286 build/bolt_sw_timer.o
 .debug_info    0x0001ca0c      0xcf3 build/fdcan.o
 .debug_info    0x0001d6ff      0x8c6 build/gpio.o
 .debug_info    0x0001dfc5      0x490 build/main.o
 .debug_info    0x0001e455      0x2e3 build/stm32g4xx_hal_msp.o
 .debug_info    0x0001e738      0x16c build/stm32g4xx_it.o
 .debug_info    0x0001e8a4      0x171 build/sysmem.o
 .debug_info    0x0001ea15      0x5a3 build/system_stm32g4xx.o
 .debug_info    0x0001efb8     0x11d0 build/tim.o
 .debug_info    0x00020188      0xeb3 build/usart.o
 .debug_info    0x0002103b       0x30 build/startup_stm32g474xx.o
 .debug_info    0x0002106b       0x24 C:/Users/jerem/AppData/Roaming/Code/User/globalStorage/bmd.stm32-for-vscode/@xpack-dev-tools/arm-none-eabi-gcc/13.2.1-1.1.1/.content/bin/../lib/gcc/arm-none-eabi/13.2.1/thumb/v7e-m+fp/hard\libgcc.a(_aeabi_uldivmod.o)
 .debug_info    0x0002108f      0x703 C:/Users/jerem/AppData/Roaming/Code/User/globalStorage/bmd.stm32-for-vscode/@xpack-dev-tools/arm-none-eabi-gcc/13.2.1-1.1.1/.content/bin/../lib/gcc/arm-none-eabi/13.2.1/thumb/v7e-m+fp/hard\libgcc.a(_udivmoddi4.o)
 .debug_info    0x00021792       0x3c C:/Users/jerem/AppData/Roaming/Code/User/globalStorage/bmd.stm32-for-vscode/@xpack-dev-tools/arm-none-eabi-gcc/13.2.1-1.1.1/.content/bin/../lib/gcc/arm-none-eabi/13.2.1/thumb/v7e-m+fp/hard\libgcc.a(_dvmd_tls.o)

.debug_abbrev   0x00000000     0x38b7
 .debug_abbrev  0x00000000      0x27d build/stm32g4xx_hal.o
 .debug_abbrev  0x0000027d      0x314 build/stm32g4xx_hal_adc.o
 .debug_abbrev  0x00000591      0x382 build/stm32g4xx_hal_adc_ex.o
 .debug_abbrev  0x00000913      0x390 build/stm32g4xx_hal_cortex.o
 .debug_abbrev  0x00000ca3      0x1e8 build/stm32g4xx_hal_fdcan.o
 .debug_abbrev  0x00000e8b      0x1f9 build/stm32g4xx_hal_gpio.o
 .debug_abbrev  0x00001084      0x249 build/stm32g4xx_hal_pwr_ex.o
 .debug_abbrev  0x000012cd      0x2ab build/stm32g4xx_hal_rcc.o
 .debug_abbrev  0x00001578      0x27f build/stm32g4xx_hal_rcc_ex.o
 .debug_abbrev  0x000017f7      0x2a0 build/stm32g4xx_hal_tim.o
 .debug_abbrev  0x00001a97      0x2b1 build/stm32g4xx_hal_tim_ex.o
 .debug_abbrev  0x00001d48      0x32e build/stm32g4xx_hal_uart.o
 .debug_abbrev  0x00002076      0x343 build/stm32g4xx_hal_uart_ex.o
 .debug_abbrev  0x000023b9      0x207 build/adc.o
 .debug_abbrev  0x000025c0      0x2a6 build/bolt_application.o
 .debug_abbrev  0x00002866      0x133 build/bolt_sw_timer.o
 .debug_abbrev  0x00002999      0x1e6 build/fdcan.o
 .debug_abbrev  0x00002b7f      0x16d build/gpio.o
 .debug_abbrev  0x00002cec      0x1da build/main.o
 .debug_abbrev  0x00002ec6       0xd7 build/stm32g4xx_hal_msp.o
 .debug_abbrev  0x00002f9d       0xbb build/stm32g4xx_it.o
 .debug_abbrev  0x00003058       0xea build/sysmem.o
 .debug_abbrev  0x00003142      0x11e build/system_stm32g4xx.o
 .debug_abbrev  0x00003260      0x26c build/tim.o
 .debug_abbrev  0x000034cc      0x223 build/usart.o
 .debug_abbrev  0x000036ef       0x24 build/startup_stm32g474xx.o
 .debug_abbrev  0x00003713       0x14 C:/Users/jerem/AppData/Roaming/Code/User/globalStorage/bmd.stm32-for-vscode/@xpack-dev-tools/arm-none-eabi-gcc/13.2.1-1.1.1/.content/bin/../lib/gcc/arm-none-eabi/13.2.1/thumb/v7e-m+fp/hard\libgcc.a(_aeabi_uldivmod.o)
 .debug_abbrev  0x00003727      0x16a C:/Users/jerem/AppData/Roaming/Code/User/globalStorage/bmd.stm32-for-vscode/@xpack-dev-tools/arm-none-eabi-gcc/13.2.1-1.1.1/.content/bin/../lib/gcc/arm-none-eabi/13.2.1/thumb/v7e-m+fp/hard\libgcc.a(_udivmoddi4.o)
 .debug_abbrev  0x00003891       0x26 C:/Users/jerem/AppData/Roaming/Code/User/globalStorage/bmd.stm32-for-vscode/@xpack-dev-tools/arm-none-eabi-gcc/13.2.1-1.1.1/.content/bin/../lib/gcc/arm-none-eabi/13.2.1/thumb/v7e-m+fp/hard\libgcc.a(_dvmd_tls.o)

.debug_loclists
                0x00000000    0x1133c
 .debug_loclists
                0x00000000      0x14d build/stm32g4xx_hal.o
 .debug_loclists
                0x0000014d     0x194d build/stm32g4xx_hal_adc.o
 .debug_loclists
                0x00001a9a     0x17f9 build/stm32g4xx_hal_adc_ex.o
 .debug_loclists
                0x00003293      0x545 build/stm32g4xx_hal_cortex.o
 .debug_loclists
                0x000037d8      0xfc9 build/stm32g4xx_hal_fdcan.o
 .debug_loclists
                0x000047a1      0x291 build/stm32g4xx_hal_gpio.o
 .debug_loclists
                0x00004a32      0x714 build/stm32g4xx_hal_pwr_ex.o
 .debug_loclists
                0x00005146      0x5aa build/stm32g4xx_hal_rcc.o
 .debug_loclists
                0x000056f0     0x1080 build/stm32g4xx_hal_rcc_ex.o
 .debug_loclists
                0x00006770     0x3dd6 build/stm32g4xx_hal_tim.o
 .debug_loclists
                0x0000a546     0x20fd build/stm32g4xx_hal_tim_ex.o
 .debug_loclists
                0x0000c643     0x372a build/stm32g4xx_hal_uart.o
 .debug_loclists
                0x0000fd6d      0x835 build/stm32g4xx_hal_uart_ex.o
 .debug_loclists
                0x000105a2       0x87 build/adc.o
 .debug_loclists
                0x00010629       0x6c build/bolt_application.o
 .debug_loclists
                0x00010695       0xc2 build/bolt_sw_timer.o
 .debug_loclists
                0x00010757       0x6c build/fdcan.o
 .debug_loclists
                0x000107c3       0x52 build/sysmem.o
 .debug_loclists
                0x00010815       0x65 build/system_stm32g4xx.o
 .debug_loclists
                0x0001087a       0x58 build/tim.o
 .debug_loclists
                0x000108d2       0x55 build/usart.o
 .debug_loclists
                0x00010927      0xa15 C:/Users/jerem/AppData/Roaming/Code/User/globalStorage/bmd.stm32-for-vscode/@xpack-dev-tools/arm-none-eabi-gcc/13.2.1-1.1.1/.content/bin/../lib/gcc/arm-none-eabi/13.2.1/thumb/v7e-m+fp/hard\libgcc.a(_udivmoddi4.o)

.debug_aranges  0x00000000     0x1540
 .debug_aranges
                0x00000000      0x148 build/stm32g4xx_hal.o
 .debug_aranges
                0x00000148      0x120 build/stm32g4xx_hal_adc.o
 .debug_aranges
                0x00000268      0x100 build/stm32g4xx_hal_adc_ex.o
 .debug_aranges
                0x00000368       0xe0 build/stm32g4xx_hal_cortex.o
 .debug_aranges
                0x00000448      0x208 build/stm32g4xx_hal_fdcan.o
 .debug_aranges
                0x00000650       0x58 build/stm32g4xx_hal_gpio.o
 .debug_aranges
                0x000006a8      0x140 build/stm32g4xx_hal_pwr_ex.o
 .debug_aranges
                0x000007e8       0x98 build/stm32g4xx_hal_rcc.o
 .debug_aranges
                0x00000880       0xb0 build/stm32g4xx_hal_rcc_ex.o
 .debug_aranges
                0x00000930      0x3e0 build/stm32g4xx_hal_tim.o
 .debug_aranges
                0x00000d10      0x240 build/stm32g4xx_hal_tim_ex.o
 .debug_aranges
                0x00000f50      0x248 build/stm32g4xx_hal_uart.o
 .debug_aranges
                0x00001198       0xa8 build/stm32g4xx_hal_uart_ex.o
 .debug_aranges
                0x00001240       0x30 build/adc.o
 .debug_aranges
                0x00001270       0x40 build/bolt_application.o
 .debug_aranges
                0x000012b0       0x40 build/bolt_sw_timer.o
 .debug_aranges
                0x000012f0       0x38 build/fdcan.o
 .debug_aranges
                0x00001328       0x20 build/gpio.o
 .debug_aranges
                0x00001348       0x30 build/main.o
 .debug_aranges
                0x00001378       0x20 build/stm32g4xx_hal_msp.o
 .debug_aranges
                0x00001398       0x68 build/stm32g4xx_it.o
 .debug_aranges
                0x00001400       0x20 build/sysmem.o
 .debug_aranges
                0x00001420       0x28 build/system_stm32g4xx.o
 .debug_aranges
                0x00001448       0x40 build/tim.o
 .debug_aranges
                0x00001488       0x30 build/usart.o
 .debug_aranges
                0x000014b8       0x28 build/startup_stm32g474xx.o
 .debug_aranges
                0x000014e0       0x20 C:/Users/jerem/AppData/Roaming/Code/User/globalStorage/bmd.stm32-for-vscode/@xpack-dev-tools/arm-none-eabi-gcc/13.2.1-1.1.1/.content/bin/../lib/gcc/arm-none-eabi/13.2.1/thumb/v7e-m+fp/hard\libgcc.a(_aeabi_uldivmod.o)
 .debug_aranges
                0x00001500       0x20 C:/Users/jerem/AppData/Roaming/Code/User/globalStorage/bmd.stm32-for-vscode/@xpack-dev-tools/arm-none-eabi-gcc/13.2.1-1.1.1/.content/bin/../lib/gcc/arm-none-eabi/13.2.1/thumb/v7e-m+fp/hard\libgcc.a(_udivmoddi4.o)
 .debug_aranges
                0x00001520       0x20 C:/Users/jerem/AppData/Roaming/Code/User/globalStorage/bmd.stm32-for-vscode/@xpack-dev-tools/arm-none-eabi-gcc/13.2.1-1.1.1/.content/bin/../lib/gcc/arm-none-eabi/13.2.1/thumb/v7e-m+fp/hard\libgcc.a(_dvmd_tls.o)

.debug_rnglists
                0x00000000     0x11f3
 .debug_rnglists
                0x00000000       0xf1 build/stm32g4xx_hal.o
 .debug_rnglists
                0x000000f1      0x1c6 build/stm32g4xx_hal_adc.o
 .debug_rnglists
                0x000002b7      0x149 build/stm32g4xx_hal_adc_ex.o
 .debug_rnglists
                0x00000400       0xa3 build/stm32g4xx_hal_cortex.o
 .debug_rnglists
                0x000004a3      0x18a build/stm32g4xx_hal_fdcan.o
 .debug_rnglists
                0x0000062d       0x3f build/stm32g4xx_hal_gpio.o
 .debug_rnglists
                0x0000066c       0xf1 build/stm32g4xx_hal_pwr_ex.o
 .debug_rnglists
                0x0000075d       0x81 build/stm32g4xx_hal_rcc.o
 .debug_rnglists
                0x000007de       0x92 build/stm32g4xx_hal_rcc_ex.o
 .debug_rnglists
                0x00000870      0x314 build/stm32g4xx_hal_tim.o
 .debug_rnglists
                0x00000b84      0x1c3 build/stm32g4xx_hal_tim_ex.o
 .debug_rnglists
                0x00000d47      0x1cb build/stm32g4xx_hal_uart.o
 .debug_rnglists
                0x00000f12       0x88 build/stm32g4xx_hal_uart_ex.o
 .debug_rnglists
                0x00000f9a       0x21 build/adc.o
 .debug_rnglists
                0x00000fbb       0x2b build/bolt_application.o
 .debug_rnglists
                0x00000fe6       0x2b build/bolt_sw_timer.o
 .debug_rnglists
                0x00001011       0x26 build/fdcan.o
 .debug_rnglists
                0x00001037       0x14 build/gpio.o
 .debug_rnglists
                0x0000104b       0x1f build/main.o
 .debug_rnglists
                0x0000106a       0x13 build/stm32g4xx_hal_msp.o
 .debug_rnglists
                0x0000107d       0x49 build/stm32g4xx_it.o
 .debug_rnglists
                0x000010c6       0x13 build/sysmem.o
 .debug_rnglists
                0x000010d9       0x1a build/system_stm32g4xx.o
 .debug_rnglists
                0x000010f3       0x2e build/tim.o
 .debug_rnglists
                0x00001121       0x20 build/usart.o
 .debug_rnglists
                0x00001141       0x19 build/startup_stm32g474xx.o
 .debug_rnglists
                0x0000115a       0x99 C:/Users/jerem/AppData/Roaming/Code/User/globalStorage/bmd.stm32-for-vscode/@xpack-dev-tools/arm-none-eabi-gcc/13.2.1-1.1.1/.content/bin/../lib/gcc/arm-none-eabi/13.2.1/thumb/v7e-m+fp/hard\libgcc.a(_udivmoddi4.o)

.debug_line     0x00000000    0x1a846
 .debug_line    0x00000000      0x779 build/stm32g4xx_hal.o
 .debug_line    0x00000779     0x26ca build/stm32g4xx_hal_adc.o
 .debug_line    0x00002e43     0x2115 build/stm32g4xx_hal_adc_ex.o
 .debug_line    0x00004f58      0x87d build/stm32g4xx_hal_cortex.o
 .debug_line    0x000057d5     0x1af4 build/stm32g4xx_hal_fdcan.o
 .debug_line    0x000072c9      0x754 build/stm32g4xx_hal_gpio.o
 .debug_line    0x00007a1d      0xae5 build/stm32g4xx_hal_pwr_ex.o
 .debug_line    0x00008502      0xf39 build/stm32g4xx_hal_rcc.o
 .debug_line    0x0000943b     0x12c6 build/stm32g4xx_hal_rcc_ex.o
 .debug_line    0x0000a701     0x4f30 build/stm32g4xx_hal_tim.o
 .debug_line    0x0000f631     0x2422 build/stm32g4xx_hal_tim_ex.o
 .debug_line    0x00011a53     0x4f33 build/stm32g4xx_hal_uart.o
 .debug_line    0x00016986      0xb52 build/stm32g4xx_hal_uart_ex.o
 .debug_line    0x000174d8      0x4c1 build/adc.o
 .debug_line    0x00017999      0x3f3 build/bolt_application.o
 .debug_line    0x00017d8c      0x2cd build/bolt_sw_timer.o
 .debug_line    0x00018059      0x589 build/fdcan.o
 .debug_line    0x000185e2      0x325 build/gpio.o
 .debug_line    0x00018907      0x3ba build/main.o
 .debug_line    0x00018cc1      0x235 build/stm32g4xx_hal_msp.o
 .debug_line    0x00018ef6      0x2cc build/stm32g4xx_it.o
 .debug_line    0x000191c2      0x2b7 build/sysmem.o
 .debug_line    0x00019479      0x2e3 build/system_stm32g4xx.o
 .debug_line    0x0001975c      0x614 build/tim.o
 .debug_line    0x00019d70      0x414 build/usart.o
 .debug_line    0x0001a184       0x77 build/startup_stm32g474xx.o
 .debug_line    0x0001a1fb       0x4e C:/Users/jerem/AppData/Roaming/Code/User/globalStorage/bmd.stm32-for-vscode/@xpack-dev-tools/arm-none-eabi-gcc/13.2.1-1.1.1/.content/bin/../lib/gcc/arm-none-eabi/13.2.1/thumb/v7e-m+fp/hard\libgcc.a(_aeabi_uldivmod.o)
 .debug_line    0x0001a249      0x5b3 C:/Users/jerem/AppData/Roaming/Code/User/globalStorage/bmd.stm32-for-vscode/@xpack-dev-tools/arm-none-eabi-gcc/13.2.1-1.1.1/.content/bin/../lib/gcc/arm-none-eabi/13.2.1/thumb/v7e-m+fp/hard\libgcc.a(_udivmoddi4.o)
 .debug_line    0x0001a7fc       0x4a C:/Users/jerem/AppData/Roaming/Code/User/globalStorage/bmd.stm32-for-vscode/@xpack-dev-tools/arm-none-eabi-gcc/13.2.1-1.1.1/.content/bin/../lib/gcc/arm-none-eabi/13.2.1/thumb/v7e-m+fp/hard\libgcc.a(_dvmd_tls.o)

.debug_str      0x00000000     0x7d0f
 .debug_str     0x00000000     0x7d0f build/stm32g4xx_hal.o
                                0xe65 (size before relaxing)
 .debug_str     0x00007d0f     0x130f build/stm32g4xx_hal_adc.o
 .debug_str     0x00007d0f     0x1317 build/stm32g4xx_hal_adc_ex.o
 .debug_str     0x00007d0f      0xd83 build/stm32g4xx_hal_cortex.o
 .debug_str     0x00007d0f     0x1253 build/stm32g4xx_hal_fdcan.o
 .debug_str     0x00007d0f      0x566 build/stm32g4xx_hal_gpio.o
 .debug_str     0x00007d0f      0x808 build/stm32g4xx_hal_pwr_ex.o
 .debug_str     0x00007d0f      0x87b build/stm32g4xx_hal_rcc.o
 .debug_str     0x00007d0f      0xa8b build/stm32g4xx_hal_rcc_ex.o
 .debug_str     0x00007d0f     0x18cb build/stm32g4xx_hal_tim.o
 .debug_str     0x00007d0f     0x153e build/stm32g4xx_hal_tim_ex.o
 .debug_str     0x00007d0f     0x1250 build/stm32g4xx_hal_uart.o
 .debug_str     0x00007d0f      0xb84 build/stm32g4xx_hal_uart_ex.o
 .debug_str     0x00007d0f      0xc84 build/adc.o
 .debug_str     0x00007d0f      0xd0f build/bolt_application.o
 .debug_str     0x00007d0f      0x2b7 build/bolt_sw_timer.o
 .debug_str     0x00007d0f      0x9bf build/fdcan.o
 .debug_str     0x00007d0f      0xa47 build/gpio.o
 .debug_str     0x00007d0f      0x48e build/main.o
 .debug_str     0x00007d0f      0x34f build/stm32g4xx_hal_msp.o
 .debug_str     0x00007d0f      0x28e build/stm32g4xx_it.o
 .debug_str     0x00007d0f      0x242 build/sysmem.o
 .debug_str     0x00007d0f      0x3e8 build/system_stm32g4xx.o
 .debug_str     0x00007d0f      0xd2b build/tim.o
 .debug_str     0x00007d0f      0xbf6 build/usart.o
 .debug_str     0x00007d0f       0xa0 build/startup_stm32g474xx.o
 .debug_str     0x00007d0f      0x120 C:/Users/jerem/AppData/Roaming/Code/User/globalStorage/bmd.stm32-for-vscode/@xpack-dev-tools/arm-none-eabi-gcc/13.2.1-1.1.1/.content/bin/../lib/gcc/arm-none-eabi/13.2.1/thumb/v7e-m+fp/hard\libgcc.a(_aeabi_uldivmod.o)
 .debug_str     0x00007d0f      0x739 C:/Users/jerem/AppData/Roaming/Code/User/globalStorage/bmd.stm32-for-vscode/@xpack-dev-tools/arm-none-eabi-gcc/13.2.1-1.1.1/.content/bin/../lib/gcc/arm-none-eabi/13.2.1/thumb/v7e-m+fp/hard\libgcc.a(_udivmoddi4.o)
 .debug_str     0x00007d0f      0x140 C:/Users/jerem/AppData/Roaming/Code/User/globalStorage/bmd.stm32-for-vscode/@xpack-dev-tools/arm-none-eabi-gcc/13.2.1-1.1.1/.content/bin/../lib/gcc/arm-none-eabi/13.2.1/thumb/v7e-m+fp/hard\libgcc.a(_dvmd_tls.o)

.debug_frame    0x00000000     0x34f0
 .debug_frame   0x00000000      0x2a4 build/stm32g4xx_hal.o
 .debug_frame   0x000002a4      0x340 build/stm32g4xx_hal_adc.o
 .debug_frame   0x000005e4      0x2ec build/stm32g4xx_hal_adc_ex.o
 .debug_frame   0x000008d0      0x1e4 build/stm32g4xx_hal_cortex.o
 .debug_frame   0x00000ab4      0x4bc build/stm32g4xx_hal_fdcan.o
 .debug_frame   0x00000f70       0xd0 build/stm32g4xx_hal_gpio.o
 .debug_frame   0x00001040      0x268 build/stm32g4xx_hal_pwr_ex.o
 .debug_frame   0x000012a8      0x198 build/stm32g4xx_hal_rcc.o
 .debug_frame   0x00001440      0x1a0 build/stm32g4xx_hal_rcc_ex.o
 .debug_frame   0x000015e0      0xb58 build/stm32g4xx_hal_tim.o
 .debug_frame   0x00002138      0x620 build/stm32g4xx_hal_tim_ex.o
 .debug_frame   0x00002758      0x67c build/stm32g4xx_hal_uart.o
 .debug_frame   0x00002dd4      0x1d8 build/stm32g4xx_hal_uart_ex.o
 .debug_frame   0x00002fac       0x6c build/adc.o
 .debug_frame   0x00003018       0x90 build/bolt_application.o
 .debug_frame   0x000030a8       0x98 build/bolt_sw_timer.o
 .debug_frame   0x00003140       0x7c build/fdcan.o
 .debug_frame   0x000031bc       0x38 build/gpio.o
 .debug_frame   0x000031f4       0x58 build/main.o
 .debug_frame   0x0000324c       0x2c build/stm32g4xx_hal_msp.o
 .debug_frame   0x00003278       0xc0 build/stm32g4xx_it.o
 .debug_frame   0x00003338       0x28 build/sysmem.o
 .debug_frame   0x00003360       0x30 build/system_stm32g4xx.o
 .debug_frame   0x00003390       0xa0 build/tim.o
 .debug_frame   0x00003430       0x60 build/usart.o
 .debug_frame   0x00003490       0x2c C:/Users/jerem/AppData/Roaming/Code/User/globalStorage/bmd.stm32-for-vscode/@xpack-dev-tools/arm-none-eabi-gcc/13.2.1-1.1.1/.content/bin/../lib/gcc/arm-none-eabi/13.2.1/thumb/v7e-m+fp/hard\libgcc.a(_aeabi_uldivmod.o)
 .debug_frame   0x000034bc       0x34 C:/Users/jerem/AppData/Roaming/Code/User/globalStorage/bmd.stm32-for-vscode/@xpack-dev-tools/arm-none-eabi-gcc/13.2.1-1.1.1/.content/bin/../lib/gcc/arm-none-eabi/13.2.1/thumb/v7e-m+fp/hard\libgcc.a(_udivmoddi4.o)

.debug_line_str
                0x00000000      0x1a2
 .debug_line_str
                0x00000000      0x1a2 build/startup_stm32g474xx.o
                                 0x84 (size before relaxing)
 .debug_line_str
                0x000001a2      0x112 C:/Users/jerem/AppData/Roaming/Code/User/globalStorage/bmd.stm32-for-vscode/@xpack-dev-tools/arm-none-eabi-gcc/13.2.1-1.1.1/.content/bin/../lib/gcc/arm-none-eabi/13.2.1/thumb/v7e-m+fp/hard\libgcc.a(_aeabi_uldivmod.o)
 .debug_line_str
                0x000001a2      0x116 C:/Users/jerem/AppData/Roaming/Code/User/globalStorage/bmd.stm32-for-vscode/@xpack-dev-tools/arm-none-eabi-gcc/13.2.1-1.1.1/.content/bin/../lib/gcc/arm-none-eabi/13.2.1/thumb/v7e-m+fp/hard\libgcc.a(_dvmd_tls.o)

Cross Reference Table

Symbol                                            File
ADC1_2_IRQHandler                                 build/startup_stm32g474xx.o
ADC3_IRQHandler                                   build/startup_stm32g474xx.o
ADC4_IRQHandler                                   build/startup_stm32g474xx.o
ADC5_IRQHandler                                   build/startup_stm32g474xx.o
ADC_ConversionStop                                build/stm32g4xx_hal_adc.o
                                                  build/stm32g4xx_hal_adc_ex.o
ADC_DMAConvCplt                                   build/stm32g4xx_hal_adc.o
                                                  build/stm32g4xx_hal_adc_ex.o
ADC_DMAError                                      build/stm32g4xx_hal_adc.o
                                                  build/stm32g4xx_hal_adc_ex.o
ADC_DMAHalfConvCplt                               build/stm32g4xx_hal_adc.o
                                                  build/stm32g4xx_hal_adc_ex.o
ADC_Disable                                       build/stm32g4xx_hal_adc.o
                                                  build/stm32g4xx_hal_adc_ex.o
ADC_Enable                                        build/stm32g4xx_hal_adc.o
                                                  build/stm32g4xx_hal_adc_ex.o
AHBPrescTable                                     build/system_stm32g4xx.o
                                                  build/stm32g4xx_hal_rcc.o
APBPrescTable                                     build/system_stm32g4xx.o
                                                  build/stm32g4xx_hal_rcc.o
BusFault_Handler                                  build/stm32g4xx_it.o
COMP1_2_3_IRQHandler                              build/startup_stm32g474xx.o
COMP4_5_6_IRQHandler                              build/startup_stm32g474xx.o
COMP7_IRQHandler                                  build/startup_stm32g474xx.o
CORDIC_IRQHandler                                 build/startup_stm32g474xx.o
CRS_IRQHandler                                    build/startup_stm32g474xx.o
DMA1_Channel1_IRQHandler                          build/startup_stm32g474xx.o
DMA1_Channel2_IRQHandler                          build/startup_stm32g474xx.o
DMA1_Channel3_IRQHandler                          build/startup_stm32g474xx.o
DMA1_Channel4_IRQHandler                          build/startup_stm32g474xx.o
DMA1_Channel5_IRQHandler                          build/startup_stm32g474xx.o
DMA1_Channel6_IRQHandler                          build/startup_stm32g474xx.o
DMA1_Channel7_IRQHandler                          build/startup_stm32g474xx.o
DMA1_Channel8_IRQHandler                          build/startup_stm32g474xx.o
DMA2_Channel1_IRQHandler                          build/startup_stm32g474xx.o
DMA2_Channel2_IRQHandler                          build/startup_stm32g474xx.o
DMA2_Channel3_IRQHandler                          build/startup_stm32g474xx.o
DMA2_Channel4_IRQHandler                          build/startup_stm32g474xx.o
DMA2_Channel5_IRQHandler                          build/startup_stm32g474xx.o
DMA2_Channel6_IRQHandler                          build/startup_stm32g474xx.o
DMA2_Channel7_IRQHandler                          build/startup_stm32g474xx.o
DMA2_Channel8_IRQHandler                          build/startup_stm32g474xx.o
DMAMUX_OVR_IRQHandler                             build/startup_stm32g474xx.o
DebugMon_Handler                                  build/stm32g4xx_it.o
Default_Handler                                   build/startup_stm32g474xx.o
EXTI0_IRQHandler                                  build/startup_stm32g474xx.o
EXTI15_10_IRQHandler                              build/stm32g4xx_it.o
EXTI1_IRQHandler                                  build/startup_stm32g474xx.o
EXTI2_IRQHandler                                  build/startup_stm32g474xx.o
EXTI3_IRQHandler                                  build/startup_stm32g474xx.o
EXTI4_IRQHandler                                  build/startup_stm32g474xx.o
EXTI9_5_IRQHandler                                build/startup_stm32g474xx.o
Error_Handler                                     build/main.o
                                                  build/usart.o
                                                  build/tim.o
                                                  build/fdcan.o
                                                  build/adc.o
FDCAN1_IT0_IRQHandler                             build/startup_stm32g474xx.o
FDCAN1_IT1_IRQHandler                             build/startup_stm32g474xx.o
FDCAN2_IT0_IRQHandler                             build/startup_stm32g474xx.o
FDCAN2_IT1_IRQHandler                             build/startup_stm32g474xx.o
FDCAN3_IT0_IRQHandler                             build/startup_stm32g474xx.o
FDCAN3_IT1_IRQHandler                             build/startup_stm32g474xx.o
FDCAN_Config                                      build/bolt_application.o
FLASH_FlushCaches                                 build/stm32g4xx_hal_flash_ex.o
                                                  build/stm32g4xx_hal_flash.o
FLASH_IRQHandler                                  build/startup_stm32g474xx.o
FLASH_PageErase                                   build/stm32g4xx_hal_flash_ex.o
                                                  build/stm32g4xx_hal_flash.o
FLASH_WaitForLastOperation                        build/stm32g4xx_hal_flash.o
                                                  build/stm32g4xx_hal_flash_ex.o
FMAC_IRQHandler                                   build/startup_stm32g474xx.o
FMC_IRQHandler                                    build/startup_stm32g474xx.o
FPU_IRQHandler                                    build/startup_stm32g474xx.o
HAL_ADCEx_Calibration_GetValue                    build/stm32g4xx_hal_adc_ex.o
HAL_ADCEx_Calibration_SetValue                    build/stm32g4xx_hal_adc_ex.o
HAL_ADCEx_Calibration_Start                       build/stm32g4xx_hal_adc_ex.o
HAL_ADCEx_DisableInjectedQueue                    build/stm32g4xx_hal_adc_ex.o
HAL_ADCEx_DisableVoltageRegulator                 build/stm32g4xx_hal_adc_ex.o
HAL_ADCEx_EnableInjectedQueue                     build/stm32g4xx_hal_adc_ex.o
HAL_ADCEx_EndOfSamplingCallback                   build/stm32g4xx_hal_adc_ex.o
                                                  build/stm32g4xx_hal_adc.o
HAL_ADCEx_EnterADCDeepPowerDownMode               build/stm32g4xx_hal_adc_ex.o
HAL_ADCEx_InjectedConfigChannel                   build/stm32g4xx_hal_adc_ex.o
HAL_ADCEx_InjectedConvCpltCallback                build/stm32g4xx_hal_adc_ex.o
                                                  build/stm32g4xx_hal_adc.o
HAL_ADCEx_InjectedGetValue                        build/stm32g4xx_hal_adc_ex.o
HAL_ADCEx_InjectedPollForConversion               build/stm32g4xx_hal_adc_ex.o
HAL_ADCEx_InjectedQueueOverflowCallback           build/stm32g4xx_hal_adc_ex.o
                                                  build/stm32g4xx_hal_adc.o
HAL_ADCEx_InjectedStart                           build/stm32g4xx_hal_adc_ex.o
HAL_ADCEx_InjectedStart_IT                        build/stm32g4xx_hal_adc_ex.o
HAL_ADCEx_InjectedStop                            build/stm32g4xx_hal_adc_ex.o
HAL_ADCEx_InjectedStop_IT                         build/stm32g4xx_hal_adc_ex.o
HAL_ADCEx_LevelOutOfWindow2Callback               build/stm32g4xx_hal_adc_ex.o
                                                  build/stm32g4xx_hal_adc.o
HAL_ADCEx_LevelOutOfWindow3Callback               build/stm32g4xx_hal_adc_ex.o
                                                  build/stm32g4xx_hal_adc.o
HAL_ADCEx_MultiModeConfigChannel                  build/stm32g4xx_hal_adc_ex.o
                                                  build/adc.o
HAL_ADCEx_MultiModeGetValue                       build/stm32g4xx_hal_adc_ex.o
HAL_ADCEx_MultiModeStart_DMA                      build/stm32g4xx_hal_adc_ex.o
HAL_ADCEx_MultiModeStop_DMA                       build/stm32g4xx_hal_adc_ex.o
HAL_ADCEx_RegularMultiModeStop_DMA                build/stm32g4xx_hal_adc_ex.o
HAL_ADCEx_RegularStop                             build/stm32g4xx_hal_adc_ex.o
HAL_ADCEx_RegularStop_DMA                         build/stm32g4xx_hal_adc_ex.o
HAL_ADCEx_RegularStop_IT                          build/stm32g4xx_hal_adc_ex.o
HAL_ADC_AnalogWDGConfig                           build/stm32g4xx_hal_adc.o
HAL_ADC_ConfigChannel                             build/stm32g4xx_hal_adc.o
                                                  build/adc.o
HAL_ADC_ConvCpltCallback                          build/stm32g4xx_hal_adc.o
HAL_ADC_ConvHalfCpltCallback                      build/stm32g4xx_hal_adc.o
HAL_ADC_DeInit                                    build/stm32g4xx_hal_adc.o
HAL_ADC_ErrorCallback                             build/stm32g4xx_hal_adc.o
HAL_ADC_GetError                                  build/stm32g4xx_hal_adc.o
HAL_ADC_GetState                                  build/stm32g4xx_hal_adc.o
HAL_ADC_GetValue                                  build/stm32g4xx_hal_adc.o
HAL_ADC_IRQHandler                                build/stm32g4xx_hal_adc.o
HAL_ADC_Init                                      build/stm32g4xx_hal_adc.o
                                                  build/adc.o
HAL_ADC_LevelOutOfWindowCallback                  build/stm32g4xx_hal_adc.o
HAL_ADC_MspDeInit                                 build/adc.o
                                                  build/stm32g4xx_hal_adc.o
HAL_ADC_MspInit                                   build/adc.o
                                                  build/stm32g4xx_hal_adc.o
HAL_ADC_PollForConversion                         build/stm32g4xx_hal_adc.o
HAL_ADC_PollForEvent                              build/stm32g4xx_hal_adc.o
HAL_ADC_Start                                     build/stm32g4xx_hal_adc.o
HAL_ADC_StartSampling                             build/stm32g4xx_hal_adc.o
HAL_ADC_Start_DMA                                 build/stm32g4xx_hal_adc.o
HAL_ADC_Start_IT                                  build/stm32g4xx_hal_adc.o
HAL_ADC_Stop                                      build/stm32g4xx_hal_adc.o
HAL_ADC_StopSampling                              build/stm32g4xx_hal_adc.o
HAL_ADC_Stop_DMA                                  build/stm32g4xx_hal_adc.o
HAL_ADC_Stop_IT                                   build/stm32g4xx_hal_adc.o
HAL_DBGMCU_DisableDBGSleepMode                    build/stm32g4xx_hal.o
HAL_DBGMCU_DisableDBGStandbyMode                  build/stm32g4xx_hal.o
HAL_DBGMCU_DisableDBGStopMode                     build/stm32g4xx_hal.o